Archive member included because of file (symbol)

.\CortexM3\ARM_GCC_493\Debug\PSoC_Grbl.a(cyfitter_cfg.o)
                              .\CortexM3\ARM_GCC_493\Debug\Cm3Start.o (cyfitter_cfg)
.\CortexM3\ARM_GCC_493\Debug\PSoC_Grbl.a(LCD.o)
                              .\CortexM3\ARM_GCC_493\Debug\lcd_report.o (LCD_PrintString)
.\CortexM3\ARM_GCC_493\Debug\PSoC_Grbl.a(LCD_CustChars.o)
                              .\CortexM3\ARM_GCC_493\Debug\lcd_report.o (LCD_LoadCustomFonts)
.\CortexM3\ARM_GCC_493\Debug\PSoC_Grbl.a(CyLib.o)
                              .\CortexM3\ARM_GCC_493\Debug\Cm3Start.o (CyHalt)
.\CortexM3\ARM_GCC_493\Debug\PSoC_Grbl.a(cyPm.o)
                              .\CortexM3\ARM_GCC_493\Debug\PSoC_Grbl.a(CyLib.o) (CyPmReadStatus)
.\CortexM3\ARM_GCC_493\Debug\PSoC_Grbl.a(EEPROM_PSoC.o)
                              .\CortexM3\ARM_GCC_493\Debug\settings.o (EEPROM_PSoC_Start)
.\CortexM3\ARM_GCC_493\Debug\PSoC_Grbl.a(Control_Reg_Step.o)
                              .\CortexM3\ARM_GCC_493\Debug\stepper.o (Control_Reg_Step_Write)
.\CortexM3\ARM_GCC_493\Debug\PSoC_Grbl.a(Clock_Step_Pulse.o)
                              .\CortexM3\ARM_GCC_493\Debug\stepper.o (Clock_Step_Pulse_Start)
.\CortexM3\ARM_GCC_493\Debug\PSoC_Grbl.a(Control_Reg_Dir.o)
                              .\CortexM3\ARM_GCC_493\Debug\stepper.o (Control_Reg_Dir_Write)
.\CortexM3\ARM_GCC_493\Debug\PSoC_Grbl.a(isr_Limits.o)
                              .\CortexM3\ARM_GCC_493\Debug\limits.o (isr_Limits_StartEx)
.\CortexM3\ARM_GCC_493\Debug\PSoC_Grbl.a(isr_Control.o)
                              .\CortexM3\ARM_GCC_493\Debug\system.o (isr_Control_StartEx)
.\CortexM3\ARM_GCC_493\Debug\PSoC_Grbl.a(Status_Control.o)
                              .\CortexM3\ARM_GCC_493\Debug\system.o (Status_Control_Read)
.\CortexM3\ARM_GCC_493\Debug\PSoC_Grbl.a(Status_Limit.o)
                              .\CortexM3\ARM_GCC_493\Debug\limits.o (Status_Limit_Read)
.\CortexM3\ARM_GCC_493\Debug\PSoC_Grbl.a(Status_Probe.o)
                              .\CortexM3\ARM_GCC_493\Debug\probe.o (Status_Probe_Read)
.\CortexM3\ARM_GCC_493\Debug\PSoC_Grbl.a(Control_Step_Enable.o)
                              .\CortexM3\ARM_GCC_493\Debug\stepper.o (Control_Step_Enable_Write)
.\CortexM3\ARM_GCC_493\Debug\PSoC_Grbl.a(PWM_Spindle.o)
                              .\CortexM3\ARM_GCC_493\Debug\spindle_control.o (PWM_Spindle_WriteCompare)
.\CortexM3\ARM_GCC_493\Debug\PSoC_Grbl.a(Pin_Spindle_Direction.o)
                              .\CortexM3\ARM_GCC_493\Debug\spindle_control.o (Pin_Spindle_Direction_Write)
.\CortexM3\ARM_GCC_493\Debug\PSoC_Grbl.a(Pin_Spindle_Enable.o)
                              .\CortexM3\ARM_GCC_493\Debug\spindle_control.o (Pin_Spindle_Enable_Read)
.\CortexM3\ARM_GCC_493\Debug\PSoC_Grbl.a(Stepper_Timer.o)
                              .\CortexM3\ARM_GCC_493\Debug\stepper.o (Stepper_Timer_Stop)
.\CortexM3\ARM_GCC_493\Debug\PSoC_Grbl.a(isr_Step.o)
                              .\CortexM3\ARM_GCC_493\Debug\stepper.o (isr_Step_StartEx)
.\CortexM3\ARM_GCC_493\Debug\PSoC_Grbl.a(isr_LCD_Update.o)
                              .\CortexM3\ARM_GCC_493\Debug\main.o (isr_LCD_Update_StartEx)
.\CortexM3\ARM_GCC_493\Debug\PSoC_Grbl.a(Flood_Coolant_Pin.o)
                              .\CortexM3\ARM_GCC_493\Debug\coolant_control.o (Flood_Coolant_Pin_Write)
.\CortexM3\ARM_GCC_493\Debug\PSoC_Grbl.a(Mist_Coolant_Pin.o)
                              .\CortexM3\ARM_GCC_493\Debug\coolant_control.o (Mist_Coolant_Pin_Write)
.\CortexM3\ARM_GCC_493\Debug\PSoC_Grbl.a(QuadDec.o)
                              .\CortexM3\ARM_GCC_493\Debug\lcd_report.o (QuadDec_GetCounter)
.\CortexM3\ARM_GCC_493\Debug\PSoC_Grbl.a(QuadDec_Cnt16.o)
                              .\CortexM3\ARM_GCC_493\Debug\PSoC_Grbl.a(QuadDec.o) (QuadDec_Cnt16_Stop)
.\CortexM3\ARM_GCC_493\Debug\PSoC_Grbl.a(isr_Enc_Sw.o)
                              .\CortexM3\ARM_GCC_493\Debug\lcd_report.o (isr_Enc_Sw_StartEx)
.\CortexM3\ARM_GCC_493\Debug\PSoC_Grbl.a(USBUART.o)
                              .\CortexM3\ARM_GCC_493\Debug\serial.o (USBUART_Start)
.\CortexM3\ARM_GCC_493\Debug\PSoC_Grbl.a(USBUART_cdc.o)
                              .\CortexM3\ARM_GCC_493\Debug\serial.o (USBUART_CDC_Init)
.\CortexM3\ARM_GCC_493\Debug\PSoC_Grbl.a(USBUART_drv.o)
                              .\CortexM3\ARM_GCC_493\Debug\PSoC_Grbl.a(USBUART.o) (USBUART_lastPacketSize)
.\CortexM3\ARM_GCC_493\Debug\PSoC_Grbl.a(USBUART_episr.o)
                              .\CortexM3\ARM_GCC_493\Debug\PSoC_Grbl.a(USBUART.o) (USBUART_EP_1_ISR)
.\CortexM3\ARM_GCC_493\Debug\PSoC_Grbl.a(USBUART_hid.o)
                              .\CortexM3\ARM_GCC_493\Debug\PSoC_Grbl.a(USBUART.o) (USBUART_hidProtocol)
.\CortexM3\ARM_GCC_493\Debug\PSoC_Grbl.a(USBUART_pm.o)
                              .\CortexM3\ARM_GCC_493\Debug\PSoC_Grbl.a(USBUART.o) (USBUART_DP_ISR)
.\CortexM3\ARM_GCC_493\Debug\PSoC_Grbl.a(USBUART_std.o)
[...]
Memory Configuration

Name             Origin             Length             Attributes
rom              0x00000000         0x00040000         xr
ram              0x1fff8000         0x00010000         xrw
*default*        0x00000000         0xffffffff

Linker script and memory map

LOAD c:/program files (x86)/cypress/psoc creator/4.0/psoc creator/import/gnu/arm/4.9.3/bin/../lib/gcc/arm-none-eabi/4.9.3/armv7-m/crti.o
LOAD c:/program files (x86)/cypress/psoc creator/4.0/psoc creator/import/gnu/arm/4.9.3/bin/../lib/gcc/arm-none-eabi/4.9.3/armv7-m/crtbegin.o
LOAD c:/program files (x86)/cypress/psoc creator/4.0/psoc creator/import/gnu/arm/4.9.3/bin/../lib/gcc/arm-none-eabi/4.9.3/../../../../arm-none-eabi/lib/armv7-m/crt0.o
START GROUP
LOAD .\CortexM3\ARM_GCC_493\Debug\main.o
LOAD .\CortexM3\ARM_GCC_493\Debug\lcd_report.o
LOAD .\CortexM3\ARM_GCC_493\Debug\serial.o
LOAD .\CortexM3\ARM_GCC_493\Debug\report.o
LOAD .\CortexM3\ARM_GCC_493\Debug\settings.o
LOAD .\CortexM3\ARM_GCC_493\Debug\eeprom.o
LOAD .\CortexM3\ARM_GCC_493\Debug\coolant_control.o
LOAD .\CortexM3\ARM_GCC_493\Debug\gcode.o
LOAD .\CortexM3\ARM_GCC_493\Debug\limits.o
LOAD .\CortexM3\ARM_GCC_493\Debug\nut_bolts.o
LOAD .\CortexM3\ARM_GCC_493\Debug\planner.o
LOAD .\CortexM3\ARM_GCC_493\Debug\print.o
LOAD .\CortexM3\ARM_GCC_493\Debug\probe.o
LOAD .\CortexM3\ARM_GCC_493\Debug\protocol.o
LOAD .\CortexM3\ARM_GCC_493\Debug\spindle_control.o
LOAD .\CortexM3\ARM_GCC_493\Debug\stepper.o
LOAD .\CortexM3\ARM_GCC_493\Debug\system.o
LOAD .\CortexM3\ARM_GCC_493\Debug\motion_control.o
LOAD .\CortexM3\ARM_GCC_493\Debug\jog.o
LOAD .\CortexM3\ARM_GCC_493\Debug\cymetadata.o
LOAD .\CortexM3\ARM_GCC_493\Debug\Cm3Start.o
LOAD .\CortexM3\ARM_GCC_493\Debug\PSoC_Grbl.a
LOAD C:\Program Files (x86)\Cypress\PSoC Creator\4.0\PSoC Creator\psoc\content\cycomponentlibrary\CyComponentLibrary.cylib\CortexM3\ARM_GCC_493\Debug\CyComponentLibrary.a
LOAD c:/program files (x86)/cypress/psoc creator/4.0/psoc creator/import/gnu/arm/4.9.3/bin/../lib/gcc/arm-none-eabi/4.9.3/../../../../arm-none-eabi/lib/armv7-m\libm.a
END GROUP
START GROUP
LOAD c:/program files (x86)/cypress/psoc creator/4.0/psoc creator/import/gnu/arm/4.9.3/bin/../lib/gcc/arm-none-eabi/4.9.3/armv7-m\libgcc.a
LOAD c:/program files (x86)/cypress/psoc creator/4.0/psoc creator/import/gnu/arm/4.9.3/bin/../lib/gcc/arm-none-eabi/4.9.3/../../../../arm-none-eabi/lib/armv7-m\libg_nano.a
LOAD c:/program files (x86)/cypress/psoc creator/4.0/psoc creator/import/gnu/arm/4.9.3/bin/../lib/gcc/arm-none-eabi/4.9.3/../../../../arm-none-eabi/lib/armv7-m\libc_nano.a
END GROUP
START GROUP
LOAD c:/program files (x86)/cypress/psoc creator/4.0/psoc creator/import/gnu/arm/4.9.3/bin/../lib/gcc/arm-none-eabi/4.9.3/armv7-m\libgcc.a
LOAD c:/program files (x86)/cypress/psoc creator/4.0/psoc creator/import/gnu/arm/4.9.3/bin/../lib/gcc/arm-none-eabi/4.9.3/../../../../arm-none-eabi/lib/armv7-m\libc_nano.a
END GROUP
LOAD c:/program files (x86)/cypress/psoc creator/4.0/psoc creator/import/gnu/arm/4.9.3/bin/../lib/gcc/arm-none-eabi/4.9.3/armv7-m/crtend.o
LOAD c:/program files (x86)/cypress/psoc creator/4.0/psoc creator/import/gnu/arm/4.9.3/bin/../lib/gcc/arm-none-eabi/4.9.3/armv7-m/crtn.o
START GROUP
LOAD c:/program files (x86)/cypress/psoc creator/4.0/psoc creator/import/gnu/arm/4.9.3/bin/../lib/gcc/arm-none-eabi/4.9.3/armv7-m\libgcc.a
LOAD c:/program files (x86)/cypress/psoc creator/4.0/psoc creator/import/gnu/arm/4.9.3/bin/../lib/gcc/arm-none-eabi/4.9.3/../../../../arm-none-eabi/lib/armv7-m\libc.a
LOAD c:/program files (x86)/cypress/psoc creator/4.0/psoc creator/import/gnu/arm/4.9.3/bin/../lib/gcc/arm-none-eabi/4.9.3/../../../../arm-none-eabi/lib/armv7-m\libnosys.a
END GROUP
                0x00000000                CY_APPL_ORIGIN = 0x0
                0x00000100                CY_FLASH_ROW_SIZE = 0x100
                0x00000020                CY_ECC_ROW_SIZE = 0x20
                0x00000000                CY_EE_IN_BTLDR = 0x0
                0x00000000                CY_APPL_LOADABLE = 0x0
                0x00000800                CY_EE_SIZE = 0x800
                0x00000001                CY_APPL_NUM = 0x1
                0x00000001                CY_APPL_MAX = 0x1
                0x00000040                CY_METADATA_SIZE = 0x40
                0x00000000                CY_APPL_LOADABLE = 0x0
                0x00000000                CY_CHECKSUM_EXCLUDE_SIZE = ALIGN (0x0, CY_FLASH_ROW_SIZE)
                0x1fff8978                PROVIDE (__cy_heap_start, _end)
                0x00000001                PROVIDE (__cy_region_num, ((__cy_regions_end - __cy_regions) / 0x10))
                0x20008000                PROVIDE (__cy_stack, (ORIGIN (ram) + 0x10000))
                0x20007800                PROVIDE (__cy_heap_end, (__cy_stack - 0x800))

.cybootloader   0x00000000        0x0
 *(.cybootloader)
                0x00000000                appl1_start = CY_APPL_ORIGIN?CY_APPL_ORIGIN:ALIGN (CY_FLASH_ROW_SIZE)
                0x0001ff00                appl2_start = (appl1_start + ALIGN ((((0x40000 - appl1_start) - (0x2 * CY_FLASH_ROW_SIZE)) / 0x2), CY_FLASH_ROW_SIZE))
                0x00000000                appl_start = (CY_APPL_NUM == 0x1)?appl1_start:appl2_start
                0x00000000                ecc_offset = ((appl_start / CY_FLASH_ROW_SIZE) * CY_ECC_ROW_SIZE)
                0x00000000                ee_offset = (CY_APPL_LOADABLE && ! (CY_EE_IN_BTLDR))?((CY_EE_SIZE / CY_APPL_MAX) * (CY_APPL_NUM - 0x1)):0x0
                0x00000800                ee_size = (CY_APPL_LOADABLE && ! (CY_EE_IN_BTLDR))?(CY_EE_SIZE / CY_APPL_MAX):CY_EE_SIZE
                0x00000000                PROVIDE (CY_ECC_OFFSET, ecc_offset)

.text           0x00000000     0xda4e
 CREATE_OBJECT_SYMBOLS
                0x00000000                PROVIDE (__cy_interrupt_vector, RomVectors)
 *(.romvectors)
 .romvectors    0x00000000       0x10 .\CortexM3\ARM_GCC_493\Debug\Cm3Start.o
                0x00000000                RomVectors
                0x00000001                ASSERT ((. != __cy_interrupt_vector), No interrupt vector)
                0x00000001                ASSERT (CY_APPL_ORIGIN?(SIZEOF (.cybootloader) <= CY_APPL_ORIGIN):0x1, Wrong image location)
                0x00000010                PROVIDE (__cy_reset, Reset)
 *(.text.Reset)
 .text.Reset    0x00000010       0x18 .\CortexM3\ARM_GCC_493\Debug\Cm3Start.o
                0x00000010                Reset
                0x00000001                ASSERT ((. != __cy_reset), No reset code)
 *(.dma_init)
                0x00000001                ASSERT ((((appl_start + .) <= 0x10000) || 0x1), DMA Init must be within the first 64k of flash)
 *(.text .text.* .gnu.linkonce.t.*)
 .text          0x00000028       0x5c c:/program files (x86)/cypress/psoc creator/4.0/psoc creator/import/gnu/arm/4.9.3/bin/../lib/gcc/arm-none-eabi/4.9.3/armv7-m/crtbegin.o
 .text.main     0x00000084       0xe4 .\CortexM3\ARM_GCC_493\Debug\main.o
                0x00000084                main
 .text.enc_sw_isr_handler
                0x00000168        0xc .\CortexM3\ARM_GCC_493\Debug\lcd_report.o
                0x00000168                enc_sw_isr_handler
 .text.lcd_init
                0x00000174       0x30 .\CortexM3\ARM_GCC_493\Debug\lcd_report.o
                0x00000174                lcd_init
 .text.ISR_lcd  0x000001a4        0xc .\CortexM3\ARM_GCC_493\Debug\lcd_report.o
                0x000001a4                ISR_lcd
 .text.lcd_menu_execute
                0x000001b0       0x14 .\CortexM3\ARM_GCC_493\Debug\lcd_report.o
                0x000001b0                lcd_menu_execute
 *fill*         0x000001c4        0x4 
 .text.lcd_report_realtime
                0x000001c8      0xaf8 .\CortexM3\ARM_GCC_493\Debug\lcd_report.o
                0x000001c8                lcd_report_realtime
 .text.lcd_report_init_message
                0x00000cc0       0x30 .\CortexM3\ARM_GCC_493\Debug\lcd_report.o
                0x00000cc0                lcd_report_init_message
 .text.serial_get_rx_buffer_available
                0x00000cf0       0x20 .\CortexM3\ARM_GCC_493\Debug\serial.o
                0x00000cf0                serial_get_rx_buffer_available
 .text.serial_init
                0x00000d10       0x30 .\CortexM3\ARM_GCC_493\Debug\serial.o
                0x00000d10                serial_init
 .text.serial_write
                0x00000d40        0x8 .\CortexM3\ARM_GCC_493\Debug\serial.o
                0x00000d40                serial_write
 .text.serial_read
                0x00000d48       0x2c .\CortexM3\ARM_GCC_493\Debug\serial.o
                0x00000d48                serial_read
 .text.USBUART_RX_ISR
                0x00000d74       0x94 .\CortexM3\ARM_GCC_493\Debug\serial.o
                0x00000d74                USBUART_RX_ISR
 .text.serial_reset_read_buffer
                0x00000e08        0xc .\CortexM3\ARM_GCC_493\Debug\serial.o
                0x00000e08                serial_reset_read_buffer
 .text.report_util_line_feed
                0x00000e14       0x10 .\CortexM3\ARM_GCC_493\Debug\report.o
 .text.report_util_feedback_line_feed
                0x00000e24       0x10 .\CortexM3\ARM_GCC_493\Debug\report.o
 .text.report_util_gcode_modes_G
                0x00000e34       0x10 .\CortexM3\ARM_GCC_493\Debug\report.o
 .text.report_util_gcode_modes_M
                0x00000e44       0x10 .\CortexM3\ARM_GCC_493\Debug\report.o
 .text.report_util_axis_values
                0x00000e54       0x24 .\CortexM3\ARM_GCC_493\Debug\report.o
 .text.report_util_setting_prefix
                0x00000e78       0x18 .\CortexM3\ARM_GCC_493\Debug\report.o
                0x00000e78                report_util_setting_prefix
 .text.report_util_uint8_setting
                0x00000e90       0x14 .\CortexM3\ARM_GCC_493\Debug\report.o
 .text.report_util_float_setting
                0x00000ea4       0x18 .\CortexM3\ARM_GCC_493\Debug\report.o
 .text.get_state
                0x00000ebc       0xf0 .\CortexM3\ARM_GCC_493\Debug\report.o
                0x00000ebc                get_state
 .text.report_status_message
                0x00000fac       0x28 .\CortexM3\ARM_GCC_493\Debug\report.o
                0x00000fac                report_status_message
 .text.report_alarm_message
                0x00000fd4       0x24 .\CortexM3\ARM_GCC_493\Debug\report.o
                0x00000fd4                report_alarm_message
 .text.report_feedback_message
                0x00000ff8       0xac .\CortexM3\ARM_GCC_493\Debug\report.o
                0x00000ff8                report_feedback_message
 .text.report_init_message
                0x000010a4       0x10 .\CortexM3\ARM_GCC_493\Debug\report.o
                0x000010a4                report_init_message
 .text.report_grbl_help
                0x000010b4       0x10 .\CortexM3\ARM_GCC_493\Debug\report.o
                0x000010b4                report_grbl_help
 .text.report_grbl_settings
                0x000010c4      0x18c .\CortexM3\ARM_GCC_493\Debug\report.o
                0x000010c4                report_grbl_settings
 .text.report_probe_parameters
                0x00001250       0x3c .\CortexM3\ARM_GCC_493\Debug\report.o
                0x00001250                report_probe_parameters
 .text.report_ngc_parameters
                0x0000128c       0xa0 .\CortexM3\ARM_GCC_493\Debug\report.o
                0x0000128c                report_ngc_parameters
 .text.report_gcode_modes
                0x0000132c      0x120 .\CortexM3\ARM_GCC_493\Debug\report.o
                0x0000132c                report_gcode_modes
 .text.report_startup_line
                0x0000144c       0x28 .\CortexM3\ARM_GCC_493\Debug\report.o
                0x0000144c                report_startup_line
 .text.report_execute_startup_message
                0x00001474       0x20 .\CortexM3\ARM_GCC_493\Debug\report.o
                0x00001474                report_execute_startup_message
 .text.report_build_info
                0x00001494       0x34 .\CortexM3\ARM_GCC_493\Debug\report.o
                0x00001494                report_build_info
 .text.report_realtime_status
                0x000014c8      0x354 .\CortexM3\ARM_GCC_493\Debug\report.o
                0x000014c8                report_realtime_status
 .text.settings_store_startup_line
                0x0000181c       0x18 .\CortexM3\ARM_GCC_493\Debug\settings.o
                0x0000181c                settings_store_startup_line
 .text.settings_store_build_info
                0x00001834       0x10 .\CortexM3\ARM_GCC_493\Debug\settings.o
                0x00001834                settings_store_build_info
 .text.settings_write_coord_data
                0x00001844       0x18 .\CortexM3\ARM_GCC_493\Debug\settings.o
                0x00001844                settings_write_coord_data
 .text.write_global_settings
                0x0000185c       0x1c .\CortexM3\ARM_GCC_493\Debug\settings.o
                0x0000185c                write_global_settings
 .text.settings_restore
                0x00001878       0xec .\CortexM3\ARM_GCC_493\Debug\settings.o
                0x00001878                settings_restore
 .text.settings_read_startup_line
                0x00001964       0x30 .\CortexM3\ARM_GCC_493\Debug\settings.o
                0x00001964                settings_read_startup_line
 .text.settings_read_build_info
                0x00001994       0x24 .\CortexM3\ARM_GCC_493\Debug\settings.o
                0x00001994                settings_read_build_info
 .text.settings_read_coord_data
                0x000019b8       0x60 .\CortexM3\ARM_GCC_493\Debug\settings.o
                0x000019b8                settings_read_coord_data
 .text.read_global_settings
                0x00001a18       0x28 .\CortexM3\ARM_GCC_493\Debug\settings.o
                0x00001a18                read_global_settings
 .text.settings_store_global_setting
                0x00001a40      0x250 .\CortexM3\ARM_GCC_493\Debug\settings.o
                0x00001a40                settings_store_global_setting
 .text.settings_init
                0x00001c90       0x20 .\CortexM3\ARM_GCC_493\Debug\settings.o
                0x00001c90                settings_init
 .text.get_step_pin_mask
                0x00001cb0       0x14 .\CortexM3\ARM_GCC_493\Debug\settings.o
                0x00001cb0                get_step_pin_mask
 .text.get_direction_pin_mask
                0x00001cc4       0x14 .\CortexM3\ARM_GCC_493\Debug\settings.o
                0x00001cc4                get_direction_pin_mask
 .text.eeprom_get_char
                0x00001cd8        0xc .\CortexM3\ARM_GCC_493\Debug\eeprom.o
                0x00001cd8                eeprom_get_char
 .text.eeprom_put_char
                0x00001ce4       0x10 .\CortexM3\ARM_GCC_493\Debug\eeprom.o
                0x00001ce4                eeprom_put_char
 .text.memcpy_to_eeprom_with_checksum
                0x00001cf4       0x3c .\CortexM3\ARM_GCC_493\Debug\eeprom.o
                0x00001cf4                memcpy_to_eeprom_with_checksum
 .text.memcpy_from_eeprom_with_checksum
                0x00001d30       0x44 .\CortexM3\ARM_GCC_493\Debug\eeprom.o
                0x00001d30                memcpy_from_eeprom_with_checksum
 .text.coolant_get_state
                0x00001d74       0x1c .\CortexM3\ARM_GCC_493\Debug\coolant_control.o
                0x00001d74                coolant_get_state
 .text.coolant_stop
                0x00001d90       0x10 .\CortexM3\ARM_GCC_493\Debug\coolant_control.o
                0x00001d90                coolant_stop
 .text.coolant_set_state
                0x00001da0       0x38 .\CortexM3\ARM_GCC_493\Debug\coolant_control.o
                0x00001da0                coolant_set_state
 .text.coolant_init
                0x00001dd8        0xc .\CortexM3\ARM_GCC_493\Debug\coolant_control.o
                0x00001dd8                coolant_init
 .text.coolant_sync
                0x00001de4       0x20 .\CortexM3\ARM_GCC_493\Debug\coolant_control.o
                0x00001de4                coolant_sync
 .text.gc_init  0x00001e04       0x28 .\CortexM3\ARM_GCC_493\Debug\gcode.o
                0x00001e04                gc_init
 .text.gc_sync_position
                0x00001e2c       0x14 .\CortexM3\ARM_GCC_493\Debug\gcode.o
                0x00001e2c                gc_sync_position
 .text.gc_execute_line
                0x00001e40     0x1128 .\CortexM3\ARM_GCC_493\Debug\gcode.o
                0x00001e40                gc_execute_line
 .text.limit_isr_handler
                0x00002f68       0x28 .\CortexM3\ARM_GCC_493\Debug\limits.o
                0x00002f68                limit_isr_handler
 .text.limits_disable
                0x00002f90        0xc .\CortexM3\ARM_GCC_493\Debug\limits.o
                0x00002f90                limits_disable
 .text.limits_init
                0x00002f9c       0x28 .\CortexM3\ARM_GCC_493\Debug\limits.o
                0x00002f9c                limits_init
 .text.limits_get_state
                0x00002fc4        0x8 .\CortexM3\ARM_GCC_493\Debug\limits.o
                0x00002fc4                limits_get_state
 .text.limits_go_home
                0x00002fcc      0x2bc .\CortexM3\ARM_GCC_493\Debug\limits.o
                0x00002fcc                limits_go_home
 .text.limits_soft_check
                0x00003288       0x40 .\CortexM3\ARM_GCC_493\Debug\limits.o
                0x00003288                limits_soft_check
 .text.read_float
                0x000032c8      0x118 .\CortexM3\ARM_GCC_493\Debug\nut_bolts.o
                0x000032c8                read_float
 .text.delay_sec
                0x000033e0       0x50 .\CortexM3\ARM_GCC_493\Debug\nut_bolts.o
                0x000033e0                delay_sec
 .text.hypot_f  0x00003430       0x30 .\CortexM3\ARM_GCC_493\Debug\nut_bolts.o
                0x00003430                hypot_f
 .text.convert_delta_vector_to_unit_vector
                0x00003460       0x6c .\CortexM3\ARM_GCC_493\Debug\nut_bolts.o
                0x00003460                convert_delta_vector_to_unit_vector
 .text.limit_value_by_axis_maximum
                0x000034cc       0x48 .\CortexM3\ARM_GCC_493\Debug\nut_bolts.o
                0x000034cc                limit_value_by_axis_maximum
 .text.plan_prev_block_index
                0x00003514        0xc .\CortexM3\ARM_GCC_493\Debug\planner.o
 .text.plan_compute_profile_parameters
                0x00003520       0x38 .\CortexM3\ARM_GCC_493\Debug\planner.o
 .text.plan_next_block_index
                0x00003558        0xc .\CortexM3\ARM_GCC_493\Debug\planner.o
                0x00003558                plan_next_block_index
 .text.planner_recalculate
                0x00003564      0x184 .\CortexM3\ARM_GCC_493\Debug\planner.o
 .text.plan_reset_buffer
                0x000036e8       0x18 .\CortexM3\ARM_GCC_493\Debug\planner.o
                0x000036e8                plan_reset_buffer
 .text.plan_reset
                0x00003700       0x2c .\CortexM3\ARM_GCC_493\Debug\planner.o
                0x00003700                plan_reset
 .text.plan_discard_current_block
                0x0000372c       0x2c .\CortexM3\ARM_GCC_493\Debug\planner.o
                0x0000372c                plan_discard_current_block
 .text.plan_get_system_motion_block
                0x00003758       0x14 .\CortexM3\ARM_GCC_493\Debug\planner.o
                0x00003758                plan_get_system_motion_block
 .text.plan_get_current_block
                0x0000376c       0x24 .\CortexM3\ARM_GCC_493\Debug\planner.o
                0x0000376c                plan_get_current_block
 .text.plan_get_exec_block_exit_speed_sqr
                0x00003790       0x24 .\CortexM3\ARM_GCC_493\Debug\planner.o
                0x00003790                plan_get_exec_block_exit_speed_sqr
 .text.plan_check_full_buffer
                0x000037b4       0x1c .\CortexM3\ARM_GCC_493\Debug\planner.o
                0x000037b4                plan_check_full_buffer
 .text.plan_compute_profile_nominal_speed
                0x000037d0       0xa0 .\CortexM3\ARM_GCC_493\Debug\planner.o
                0x000037d0                plan_compute_profile_nominal_speed
 .text.plan_update_velocity_profile_parameters
                0x00003870       0x4c .\CortexM3\ARM_GCC_493\Debug\planner.o
                0x00003870                plan_update_velocity_profile_parameters
 *fill*         0x000038bc        0x4 
 .text.plan_buffer_line
                0x000038c0      0x318 .\CortexM3\ARM_GCC_493\Debug\planner.o
                0x000038c0                plan_buffer_line
 .text.plan_sync_position
                0x00003bd8       0x28 .\CortexM3\ARM_GCC_493\Debug\planner.o
                0x00003bd8                plan_sync_position
 .text.plan_get_block_buffer_available
                0x00003c00       0x20 .\CortexM3\ARM_GCC_493\Debug\planner.o
                0x00003c00                plan_get_block_buffer_available
 .text.plan_cycle_reinitialize
                0x00003c20       0x18 .\CortexM3\ARM_GCC_493\Debug\planner.o
                0x00003c20                plan_cycle_reinitialize
 .text.printString
                0x00003c38        0x8 .\CortexM3\ARM_GCC_493\Debug\print.o
                0x00003c38                printString
 .text.printPgmString
                0x00003c40        0x8 .\CortexM3\ARM_GCC_493\Debug\print.o
                0x00003c40                printPgmString
 .text.print_uint8_base10
                0x00003c48       0x5c .\CortexM3\ARM_GCC_493\Debug\print.o
                0x00003c48                print_uint8_base10
 .text.printFloat
                0x00003ca4       0xc8 .\CortexM3\ARM_GCC_493\Debug\print.o
                0x00003ca4                printFloat
 *fill*         0x00003d6c        0x4 
 .text.printFloat_CoordValue
                0x00003d70       0x40 .\CortexM3\ARM_GCC_493\Debug\print.o
                0x00003d70                printFloat_CoordValue
 .text.printFloat_RateValue
                0x00003db0       0x40 .\CortexM3\ARM_GCC_493\Debug\print.o
                0x00003db0                printFloat_RateValue
 .text.probe_init
                0x00003df0        0x4 .\CortexM3\ARM_GCC_493\Debug\probe.o
                0x00003df0                probe_init
 .text.probe_configure_invert_mask
                0x00003df4        0x4 .\CortexM3\ARM_GCC_493\Debug\probe.o
                0x00003df4                probe_configure_invert_mask
 .text.probe_get_state
                0x00003df8        0x8 .\CortexM3\ARM_GCC_493\Debug\probe.o
                0x00003df8                probe_get_state
 .text.probe_state_monitor
                0x00003e00       0x34 .\CortexM3\ARM_GCC_493\Debug\probe.o
                0x00003e00                probe_state_monitor
 .text.protocol_auto_cycle_start
                0x00003e34       0x10 .\CortexM3\ARM_GCC_493\Debug\protocol.o
                0x00003e34                protocol_auto_cycle_start
 .text.protocol_exec_rt_system
                0x00003e44      0x3e8 .\CortexM3\ARM_GCC_493\Debug\protocol.o
                0x00003e44                protocol_exec_rt_system
 .text.protocol_exec_rt_suspend
                0x0000422c      0x1e4 .\CortexM3\ARM_GCC_493\Debug\protocol.o
 .text.protocol_execute_realtime
                0x00004410       0x2c .\CortexM3\ARM_GCC_493\Debug\protocol.o
                0x00004410                protocol_execute_realtime
 .text.protocol_main_loop
                0x0000443c      0x16c .\CortexM3\ARM_GCC_493\Debug\protocol.o
                0x0000443c                protocol_main_loop
 .text.protocol_buffer_synchronize
                0x000045a8       0x28 .\CortexM3\ARM_GCC_493\Debug\protocol.o
                0x000045a8                protocol_buffer_synchronize
 .text.spindle_get_state
                0x000045d0       0x1c .\CortexM3\ARM_GCC_493\Debug\spindle_control.o
                0x000045d0                spindle_get_state
 .text.spindle_stop
                0x000045ec        0xc .\CortexM3\ARM_GCC_493\Debug\spindle_control.o
                0x000045ec                spindle_stop
 .text.spindle_init
                0x000045f8        0xc .\CortexM3\ARM_GCC_493\Debug\spindle_control.o
                0x000045f8                spindle_init
 .text.spindle_set_speed
                0x00004604        0x8 .\CortexM3\ARM_GCC_493\Debug\spindle_control.o
                0x00004604                spindle_set_speed
 *fill*         0x0000460c        0x4 
 .text.spindle_compute_pwm_value
                0x00004610       0xb8 .\CortexM3\ARM_GCC_493\Debug\spindle_control.o
                0x00004610                spindle_compute_pwm_value
 .text.spindle_set_state
                0x000046c8       0x54 .\CortexM3\ARM_GCC_493\Debug\spindle_control.o
                0x000046c8                spindle_set_state
 .text.spindle_sync
                0x0000471c       0x20 .\CortexM3\ARM_GCC_493\Debug\spindle_control.o
                0x0000471c                spindle_sync
 .text.st_next_block_index
                0x0000473c        0xc .\CortexM3\ARM_GCC_493\Debug\stepper.o
 .text.st_wake_up
                0x00004748       0x34 .\CortexM3\ARM_GCC_493\Debug\stepper.o
                0x00004748                st_wake_up
 .text.st_go_idle
                0x0000477c       0x50 .\CortexM3\ARM_GCC_493\Debug\stepper.o
                0x0000477c                st_go_idle
 .text.stepper_timer_isr
                0x000047cc      0x1e0 .\CortexM3\ARM_GCC_493\Debug\stepper.o
                0x000047cc                stepper_timer_isr
 .text.st_generate_step_dir_invert_masks
                0x000049ac       0x64 .\CortexM3\ARM_GCC_493\Debug\stepper.o
                0x000049ac                st_generate_step_dir_invert_masks
 .text.st_reset
                0x00004a10       0xa8 .\CortexM3\ARM_GCC_493\Debug\stepper.o
                0x00004a10                st_reset
 .text.stepper_init
                0x00004ab8       0x14 .\CortexM3\ARM_GCC_493\Debug\stepper.o
                0x00004ab8                stepper_init
 .text.st_update_plan_block_parameters
                0x00004acc       0x30 .\CortexM3\ARM_GCC_493\Debug\stepper.o
                0x00004acc                st_update_plan_block_parameters
 *fill*         0x00004afc        0x4 
 .text.st_prep_buffer
                0x00004b00      0x988 .\CortexM3\ARM_GCC_493\Debug\stepper.o
                0x00004b00                st_prep_buffer
 .text.st_get_realtime_rate
                0x00005488       0x20 .\CortexM3\ARM_GCC_493\Debug\stepper.o
                0x00005488                st_get_realtime_rate
 .text.system_init
                0x000054a8       0x14 .\CortexM3\ARM_GCC_493\Debug\system.o
                0x000054a8                system_init
 .text.system_control_get_state
                0x000054bc        0x8 .\CortexM3\ARM_GCC_493\Debug\system.o
                0x000054bc                system_control_get_state
 .text.control_isr_handler
                0x000054c4       0x40 .\CortexM3\ARM_GCC_493\Debug\system.o
                0x000054c4                control_isr_handler
 .text.system_check_safety_door_ajar
                0x00005504        0x4 .\CortexM3\ARM_GCC_493\Debug\system.o
                0x00005504                system_check_safety_door_ajar
 .text.system_execute_startup
                0x00005508       0x3c .\CortexM3\ARM_GCC_493\Debug\system.o
                0x00005508                system_execute_startup
 .text.system_flag_wco_change
                0x00005544       0x14 .\CortexM3\ARM_GCC_493\Debug\system.o
                0x00005544                system_flag_wco_change
 .text.system_convert_axis_steps_to_mpos
                0x00005558       0x1c .\CortexM3\ARM_GCC_493\Debug\system.o
                0x00005558                system_convert_axis_steps_to_mpos
 .text.system_convert_array_steps_to_mpos
                0x00005574       0x20 .\CortexM3\ARM_GCC_493\Debug\system.o
                0x00005574                system_convert_array_steps_to_mpos
 .text.system_check_travel_limits
                0x00005594       0x40 .\CortexM3\ARM_GCC_493\Debug\system.o
                0x00005594                system_check_travel_limits
 .text.system_set_exec_state_flag
                0x000055d4       0x14 .\CortexM3\ARM_GCC_493\Debug\system.o
                0x000055d4                system_set_exec_state_flag
 .text.system_execute_line
                0x000055e8      0x400 .\CortexM3\ARM_GCC_493\Debug\system.o
                0x000055e8                system_execute_line
 .text.system_clear_exec_state_flag
                0x000059e8       0x14 .\CortexM3\ARM_GCC_493\Debug\system.o
                0x000059e8                system_clear_exec_state_flag
 .text.system_set_exec_alarm
                0x000059fc       0x10 .\CortexM3\ARM_GCC_493\Debug\system.o
                0x000059fc                system_set_exec_alarm
 .text.system_clear_exec_alarm
                0x00005a0c       0x10 .\CortexM3\ARM_GCC_493\Debug\system.o
                0x00005a0c                system_clear_exec_alarm
 .text.system_set_exec_accessory_override_flag
                0x00005a1c       0x14 .\CortexM3\ARM_GCC_493\Debug\system.o
                0x00005a1c                system_set_exec_accessory_override_flag
 .text.system_clear_exec_motion_overrides
                0x00005a30       0x10 .\CortexM3\ARM_GCC_493\Debug\system.o
                0x00005a30                system_clear_exec_motion_overrides
 .text.system_clear_exec_accessory_overrides
                0x00005a40       0x10 .\CortexM3\ARM_GCC_493\Debug\system.o
                0x00005a40                system_clear_exec_accessory_overrides
 .text.mc_line  0x00005a50       0x50 .\CortexM3\ARM_GCC_493\Debug\motion_control.o
                0x00005a50                mc_line
 .text.mc_arc   0x00005aa0      0x390 .\CortexM3\ARM_GCC_493\Debug\motion_control.o
                0x00005aa0                mc_arc
 .text.mc_dwell
                0x00005e30       0x20 .\CortexM3\ARM_GCC_493\Debug\motion_control.o
                0x00005e30                mc_dwell
 .text.mc_homing_cycle
                0x00005e50       0x40 .\CortexM3\ARM_GCC_493\Debug\motion_control.o
                0x00005e50                mc_homing_cycle
 .text.mc_probe_cycle
                0x00005e90       0xdc .\CortexM3\ARM_GCC_493\Debug\motion_control.o
                0x00005e90                mc_probe_cycle
 .text.mc_reset
                0x00005f6c       0x5c .\CortexM3\ARM_GCC_493\Debug\motion_control.o
                0x00005f6c                mc_reset
 .text.jog_execute
                0x00005fc8       0x60 .\CortexM3\ARM_GCC_493\Debug\jog.o
                0x00005fc8                jog_execute
 .text.IntDefaultHandler
                0x00006028       0x10 .\CortexM3\ARM_GCC_493\Debug\Cm3Start.o
                0x00006028                IntDefaultHandler
 .text._sbrk    0x00006038       0x30 .\CortexM3\ARM_GCC_493\Debug\Cm3Start.o
                0x00006038                _sbrk
 .text.Start_c  0x00006068       0x4c .\CortexM3\ARM_GCC_493\Debug\Cm3Start.o
                0x00006068                Start_c
 .text.initialize_psoc
                0x000060b4       0x74 .\CortexM3\ARM_GCC_493\Debug\Cm3Start.o
                0x000060b4                initialize_psoc
 .text.CyClockStartupError
                0x00006128        0x4 .\CortexM3\ARM_GCC_493\Debug\PSoC_Grbl.a(cyfitter_cfg.o)
 .text.cfg_write_bytes32
                0x0000612c       0x34 .\CortexM3\ARM_GCC_493\Debug\PSoC_Grbl.a(cyfitter_cfg.o)
 .text.AnalogSetDefault
                0x00006160       0x28 .\CortexM3\ARM_GCC_493\Debug\PSoC_Grbl.a(cyfitter_cfg.o)
 .text.CYMEMZERO
                0x00006188        0xc .\CortexM3\ARM_GCC_493\Debug\PSoC_Grbl.a(cyfitter_cfg.o)
 .text.CYCONFIGCPYCODE
                0x00006194        0x8 .\CortexM3\ARM_GCC_493\Debug\PSoC_Grbl.a(cyfitter_cfg.o)
 .text.CYCONFIGCPY
                0x0000619c        0x8 .\CortexM3\ARM_GCC_493\Debug\PSoC_Grbl.a(cyfitter_cfg.o)
 .text.ClockSetup
                0x000061a4      0x110 .\CortexM3\ARM_GCC_493\Debug\PSoC_Grbl.a(cyfitter_cfg.o)
 .text.cyfitter_cfg
                0x000062b4      0x134 .\CortexM3\ARM_GCC_493\Debug\PSoC_Grbl.a(cyfitter_cfg.o)
                0x000062b4                cyfitter_cfg
 .text.LCD_WrCntrlNib
                0x000063e8       0x38 .\CortexM3\ARM_GCC_493\Debug\PSoC_Grbl.a(LCD.o)
 .text.LCD_WrDatNib
                0x00006420       0x48 .\CortexM3\ARM_GCC_493\Debug\PSoC_Grbl.a(LCD.o)
 .text.LCD_IsReady
                0x00006468       0xe0 .\CortexM3\ARM_GCC_493\Debug\PSoC_Grbl.a(LCD.o)
                0x00006468                LCD_IsReady
 .text.LCD_WriteData
                0x00006548       0x18 .\CortexM3\ARM_GCC_493\Debug\PSoC_Grbl.a(LCD.o)
                0x00006548                LCD_WriteData
 .text.LCD_PrintString
                0x00006560       0x1c .\CortexM3\ARM_GCC_493\Debug\PSoC_Grbl.a(LCD.o)
                0x00006560                LCD_PrintString
 .text.LCD_PutChar
                0x0000657c        0x8 .\CortexM3\ARM_GCC_493\Debug\PSoC_Grbl.a(LCD.o)
                0x0000657c                LCD_PutChar
 .text.LCD_WriteControl
                0x00006584       0x18 .\CortexM3\ARM_GCC_493\Debug\PSoC_Grbl.a(LCD.o)
                0x00006584                LCD_WriteControl
 .text.LCD_Init
                0x0000659c       0x74 .\CortexM3\ARM_GCC_493\Debug\PSoC_Grbl.a(LCD.o)
                0x0000659c                LCD_Init
 .text.LCD_Enable
                0x00006610       0x14 .\CortexM3\ARM_GCC_493\Debug\PSoC_Grbl.a(LCD.o)
                0x00006610                LCD_Enable
 .text.LCD_Start
                0x00006624       0x1c .\CortexM3\ARM_GCC_493\Debug\PSoC_Grbl.a(LCD.o)
                0x00006624                LCD_Start
 .text.LCD_Position
                0x00006640       0x3c .\CortexM3\ARM_GCC_493\Debug\PSoC_Grbl.a(LCD.o)
                0x00006640                LCD_Position
 .text.LCD_LoadCustomFonts
                0x0000667c       0x2c .\CortexM3\ARM_GCC_493\Debug\PSoC_Grbl.a(LCD_CustChars.o)
                0x0000667c                LCD_LoadCustomFonts
 .text.CyHalt   0x000066a8        0x4 .\CortexM3\ARM_GCC_493\Debug\PSoC_Grbl.a(CyLib.o)
                0x000066a8                CyHalt
 .text.CyDelay  0x000066ac       0x2c .\CortexM3\ARM_GCC_493\Debug\PSoC_Grbl.a(CyLib.o)
                0x000066ac                CyDelay
 .text.CyDelayUs
                0x000066d8       0x14 .\CortexM3\ARM_GCC_493\Debug\PSoC_Grbl.a(CyLib.o)
                0x000066d8                CyDelayUs
 .text.CyIntSetVector
                0x000066ec       0x28 .\CortexM3\ARM_GCC_493\Debug\PSoC_Grbl.a(CyLib.o)
                0x000066ec                CyIntSetVector
 .text.CyIntSetPriority
                0x00006714       0x30 .\CortexM3\ARM_GCC_493\Debug\PSoC_Grbl.a(CyLib.o)
                0x00006714                CyIntSetPriority
 .text.CyGetUniqueId
                0x00006744       0x70 .\CortexM3\ARM_GCC_493\Debug\PSoC_Grbl.a(CyLib.o)
                0x00006744                CyGetUniqueId
 .text.EEPROM_PSoC_Enable
                0x000067b4        0xc .\CortexM3\ARM_GCC_493\Debug\PSoC_Grbl.a(EEPROM_PSoC.o)
                0x000067b4                EEPROM_PSoC_Enable
 .text.EEPROM_PSoC_Start
                0x000067c0        0x8 .\CortexM3\ARM_GCC_493\Debug\PSoC_Grbl.a(EEPROM_PSoC.o)
                0x000067c0                EEPROM_PSoC_Start
 .text.EEPROM_PSoC_WriteByte
                0x000067c8       0xd4 .\CortexM3\ARM_GCC_493\Debug\PSoC_Grbl.a(EEPROM_PSoC.o)
                0x000067c8                EEPROM_PSoC_WriteByte
 .text.EEPROM_PSoC_ReadByte
                0x0000689c       0x28 .\CortexM3\ARM_GCC_493\Debug\PSoC_Grbl.a(EEPROM_PSoC.o)
                0x0000689c                EEPROM_PSoC_ReadByte
 .text.Control_Reg_Step_Write
                0x000068c4        0xc .\CortexM3\ARM_GCC_493\Debug\PSoC_Grbl.a(Control_Reg_Step.o)
                0x000068c4                Control_Reg_Step_Write
 .text.Clock_Step_Pulse_Start
                0x000068d0       0x1c .\CortexM3\ARM_GCC_493\Debug\PSoC_Grbl.a(Clock_Step_Pulse.o)
                0x000068d0                Clock_Step_Pulse_Start
 .text.Control_Reg_Dir_Write
                0x000068ec        0xc .\CortexM3\ARM_GCC_493\Debug\PSoC_Grbl.a(Control_Reg_Dir.o)
                0x000068ec                Control_Reg_Dir_Write
 .text.isr_Limits_SetVector
                0x000068f8        0xc .\CortexM3\ARM_GCC_493\Debug\PSoC_Grbl.a(isr_Limits.o)
                0x000068f8                isr_Limits_SetVector
 .text.isr_Limits_SetPriority
                0x00006904       0x10 .\CortexM3\ARM_GCC_493\Debug\PSoC_Grbl.a(isr_Limits.o)
                0x00006904                isr_Limits_SetPriority
 .text.isr_Limits_Enable
                0x00006914        0xc .\CortexM3\ARM_GCC_493\Debug\PSoC_Grbl.a(isr_Limits.o)
                0x00006914                isr_Limits_Enable
 .text.isr_Limits_Disable
                0x00006920        0xc .\CortexM3\ARM_GCC_493\Debug\PSoC_Grbl.a(isr_Limits.o)
                0x00006920                isr_Limits_Disable
 .text.isr_Limits_StartEx
                0x0000692c       0x1c .\CortexM3\ARM_GCC_493\Debug\PSoC_Grbl.a(isr_Limits.o)
                0x0000692c                isr_Limits_StartEx
 .text.isr_Limits_Stop
                0x00006948       0x14 .\CortexM3\ARM_GCC_493\Debug\PSoC_Grbl.a(isr_Limits.o)
                0x00006948                isr_Limits_Stop
 .text.isr_Control_SetVector
                0x0000695c        0xc .\CortexM3\ARM_GCC_493\Debug\PSoC_Grbl.a(isr_Control.o)
                0x0000695c                isr_Control_SetVector
 .text.isr_Control_SetPriority
                0x00006968       0x10 .\CortexM3\ARM_GCC_493\Debug\PSoC_Grbl.a(isr_Control.o)
                0x00006968                isr_Control_SetPriority
 .text.isr_Control_Enable
                0x00006978        0xc .\CortexM3\ARM_GCC_493\Debug\PSoC_Grbl.a(isr_Control.o)
                0x00006978                isr_Control_Enable
 .text.isr_Control_Disable
                0x00006984        0xc .\CortexM3\ARM_GCC_493\Debug\PSoC_Grbl.a(isr_Control.o)
                0x00006984                isr_Control_Disable
 .text.isr_Control_StartEx
                0x00006990       0x1c .\CortexM3\ARM_GCC_493\Debug\PSoC_Grbl.a(isr_Control.o)
                0x00006990                isr_Control_StartEx
 .text.isr_Control_ClearPending
                0x000069ac        0xc .\CortexM3\ARM_GCC_493\Debug\PSoC_Grbl.a(isr_Control.o)
                0x000069ac                isr_Control_ClearPending
 .text.Status_Control_Read
                0x000069b8        0xc .\CortexM3\ARM_GCC_493\Debug\PSoC_Grbl.a(Status_Control.o)
                0x000069b8                Status_Control_Read
 .text.Status_Control_InterruptEnable
                0x000069c4       0x1c .\CortexM3\ARM_GCC_493\Debug\PSoC_Grbl.a(Status_Control.o)
                0x000069c4                Status_Control_InterruptEnable
 .text.Status_Limit_Read
                0x000069e0        0xc .\CortexM3\ARM_GCC_493\Debug\PSoC_Grbl.a(Status_Limit.o)
                0x000069e0                Status_Limit_Read
 .text.Status_Limit_InterruptEnable
                0x000069ec       0x1c .\CortexM3\ARM_GCC_493\Debug\PSoC_Grbl.a(Status_Limit.o)
                0x000069ec                Status_Limit_InterruptEnable
 .text.Status_Limit_InterruptDisable
                0x00006a08       0x1c .\CortexM3\ARM_GCC_493\Debug\PSoC_Grbl.a(Status_Limit.o)
                0x00006a08                Status_Limit_InterruptDisable
 .text.Status_Probe_Read
                0x00006a24        0xc .\CortexM3\ARM_GCC_493\Debug\PSoC_Grbl.a(Status_Probe.o)
                0x00006a24                Status_Probe_Read
 .text.Control_Step_Enable_Write
                0x00006a30        0xc .\CortexM3\ARM_GCC_493\Debug\PSoC_Grbl.a(Control_Step_Enable.o)
                0x00006a30                Control_Step_Enable_Write
 .text.PWM_Spindle_Enable
                0x00006a3c       0x28 .\CortexM3\ARM_GCC_493\Debug\PSoC_Grbl.a(PWM_Spindle.o)
                0x00006a3c                PWM_Spindle_Enable
 .text.PWM_Spindle_WritePeriod
                0x00006a64        0xc .\CortexM3\ARM_GCC_493\Debug\PSoC_Grbl.a(PWM_Spindle.o)
                0x00006a64                PWM_Spindle_WritePeriod
 .text.PWM_Spindle_WriteCompare
                0x00006a70        0xc .\CortexM3\ARM_GCC_493\Debug\PSoC_Grbl.a(PWM_Spindle.o)
                0x00006a70                PWM_Spindle_WriteCompare
 .text.PWM_Spindle_SetInterruptMode
                0x00006a7c        0xc .\CortexM3\ARM_GCC_493\Debug\PSoC_Grbl.a(PWM_Spindle.o)
                0x00006a7c                PWM_Spindle_SetInterruptMode
 .text.PWM_Spindle_Init
                0x00006a88       0x74 .\CortexM3\ARM_GCC_493\Debug\PSoC_Grbl.a(PWM_Spindle.o)
                0x00006a88                PWM_Spindle_Init
 .text.PWM_Spindle_Start
                0x00006afc       0x1c .\CortexM3\ARM_GCC_493\Debug\PSoC_Grbl.a(PWM_Spindle.o)
                0x00006afc                PWM_Spindle_Start
 .text.Pin_Spindle_Direction_Write
                0x00006b18       0x18 .\CortexM3\ARM_GCC_493\Debug\PSoC_Grbl.a(Pin_Spindle_Direction.o)
                0x00006b18                Pin_Spindle_Direction_Write
 .text.Pin_Spindle_Direction_Read
                0x00006b30       0x10 .\CortexM3\ARM_GCC_493\Debug\PSoC_Grbl.a(Pin_Spindle_Direction.o)
                0x00006b30                Pin_Spindle_Direction_Read
 .text.Pin_Spindle_Enable_Read
                0x00006b40       0x10 .\CortexM3\ARM_GCC_493\Debug\PSoC_Grbl.a(Pin_Spindle_Enable.o)
                0x00006b40                Pin_Spindle_Enable_Read
 .text.Stepper_Timer_Enable
                0x00006b50       0x28 .\CortexM3\ARM_GCC_493\Debug\PSoC_Grbl.a(Stepper_Timer.o)
                0x00006b50                Stepper_Timer_Enable
 .text.Stepper_Timer_Stop
                0x00006b78       0x28 .\CortexM3\ARM_GCC_493\Debug\PSoC_Grbl.a(Stepper_Timer.o)
                0x00006b78                Stepper_Timer_Stop
 .text.Stepper_Timer_SetInterruptMode
                0x00006ba0        0xc .\CortexM3\ARM_GCC_493\Debug\PSoC_Grbl.a(Stepper_Timer.o)
                0x00006ba0                Stepper_Timer_SetInterruptMode
 .text.Stepper_Timer_ReadStatusRegister
                0x00006bac        0xc .\CortexM3\ARM_GCC_493\Debug\PSoC_Grbl.a(Stepper_Timer.o)
                0x00006bac                Stepper_Timer_ReadStatusRegister
 .text.Stepper_Timer_WritePeriod
                0x00006bb8        0xc .\CortexM3\ARM_GCC_493\Debug\PSoC_Grbl.a(Stepper_Timer.o)
                0x00006bb8                Stepper_Timer_WritePeriod
 .text.Stepper_Timer_WriteCounter
                0x00006bc4        0xc .\CortexM3\ARM_GCC_493\Debug\PSoC_Grbl.a(Stepper_Timer.o)
                0x00006bc4                Stepper_Timer_WriteCounter
 .text.Stepper_Timer_Init
                0x00006bd0       0x68 .\CortexM3\ARM_GCC_493\Debug\PSoC_Grbl.a(Stepper_Timer.o)
                0x00006bd0                Stepper_Timer_Init
 .text.Stepper_Timer_Start
                0x00006c38       0x1c .\CortexM3\ARM_GCC_493\Debug\PSoC_Grbl.a(Stepper_Timer.o)
                0x00006c38                Stepper_Timer_Start
 .text.isr_Step_SetVector
                0x00006c54       0x10 .\CortexM3\ARM_GCC_493\Debug\PSoC_Grbl.a(isr_Step.o)
                0x00006c54                isr_Step_SetVector
 .text.isr_Step_SetPriority
                0x00006c64       0x10 .\CortexM3\ARM_GCC_493\Debug\PSoC_Grbl.a(isr_Step.o)
                0x00006c64                isr_Step_SetPriority
 .text.isr_Step_Enable
                0x00006c74       0x10 .\CortexM3\ARM_GCC_493\Debug\PSoC_Grbl.a(isr_Step.o)
                0x00006c74                isr_Step_Enable
 .text.isr_Step_Disable
                0x00006c84       0x10 .\CortexM3\ARM_GCC_493\Debug\PSoC_Grbl.a(isr_Step.o)
                0x00006c84                isr_Step_Disable
 .text.isr_Step_StartEx
                0x00006c94       0x1c .\CortexM3\ARM_GCC_493\Debug\PSoC_Grbl.a(isr_Step.o)
                0x00006c94                isr_Step_StartEx
 .text.isr_LCD_Update_SetVector
                0x00006cb0        0xc .\CortexM3\ARM_GCC_493\Debug\PSoC_Grbl.a(isr_LCD_Update.o)
                0x00006cb0                isr_LCD_Update_SetVector
 .text.isr_LCD_Update_SetPriority
                0x00006cbc       0x10 .\CortexM3\ARM_GCC_493\Debug\PSoC_Grbl.a(isr_LCD_Update.o)
                0x00006cbc                isr_LCD_Update_SetPriority
 .text.isr_LCD_Update_Enable
                0x00006ccc        0xc .\CortexM3\ARM_GCC_493\Debug\PSoC_Grbl.a(isr_LCD_Update.o)
                0x00006ccc                isr_LCD_Update_Enable
 .text.isr_LCD_Update_Disable
                0x00006cd8        0xc .\CortexM3\ARM_GCC_493\Debug\PSoC_Grbl.a(isr_LCD_Update.o)
                0x00006cd8                isr_LCD_Update_Disable
 .text.isr_LCD_Update_StartEx
                0x00006ce4       0x1c .\CortexM3\ARM_GCC_493\Debug\PSoC_Grbl.a(isr_LCD_Update.o)
                0x00006ce4                isr_LCD_Update_StartEx
 .text.Flood_Coolant_Pin_Write
                0x00006d00       0x18 .\CortexM3\ARM_GCC_493\Debug\PSoC_Grbl.a(Flood_Coolant_Pin.o)
                0x00006d00                Flood_Coolant_Pin_Write
 .text.Flood_Coolant_Pin_Read
                0x00006d18       0x10 .\CortexM3\ARM_GCC_493\Debug\PSoC_Grbl.a(Flood_Coolant_Pin.o)
                0x00006d18                Flood_Coolant_Pin_Read
 .text.Mist_Coolant_Pin_Write
                0x00006d28       0x18 .\CortexM3\ARM_GCC_493\Debug\PSoC_Grbl.a(Mist_Coolant_Pin.o)
                0x00006d28                Mist_Coolant_Pin_Write
 .text.Mist_Coolant_Pin_Read
                0x00006d40       0x10 .\CortexM3\ARM_GCC_493\Debug\PSoC_Grbl.a(Mist_Coolant_Pin.o)
                0x00006d40                Mist_Coolant_Pin_Read
 .text.QuadDec_GetCounter
                0x00006d50       0x10 .\CortexM3\ARM_GCC_493\Debug\PSoC_Grbl.a(QuadDec.o)
                0x00006d50                QuadDec_GetCounter
 .text.QuadDec_SetCounter
                0x00006d60       0x1c .\CortexM3\ARM_GCC_493\Debug\PSoC_Grbl.a(QuadDec.o)
                0x00006d60                QuadDec_SetCounter
 .text.QuadDec_GetEvents
                0x00006d7c       0x10 .\CortexM3\ARM_GCC_493\Debug\PSoC_Grbl.a(QuadDec.o)
                0x00006d7c                QuadDec_GetEvents
 .text.QuadDec_SetInterruptMask
                0x00006d8c        0xc .\CortexM3\ARM_GCC_493\Debug\PSoC_Grbl.a(QuadDec.o)
                0x00006d8c                QuadDec_SetInterruptMask
 .text.QuadDec_Enable
                0x00006d98       0x24 .\CortexM3\ARM_GCC_493\Debug\PSoC_Grbl.a(QuadDec.o)
                0x00006d98                QuadDec_Enable
 .text.QuadDec_Start
                0x00006dbc       0x24 .\CortexM3\ARM_GCC_493\Debug\PSoC_Grbl.a(QuadDec.o)
                0x00006dbc                QuadDec_Start
 .text.QuadDec_Cnt16_Enable
                0x00006de0       0x10 .\CortexM3\ARM_GCC_493\Debug\PSoC_Grbl.a(QuadDec_Cnt16.o)
                0x00006de0                QuadDec_Cnt16_Enable
 .text.QuadDec_Cnt16_SetInterruptMode
                0x00006df0        0xc .\CortexM3\ARM_GCC_493\Debug\PSoC_Grbl.a(QuadDec_Cnt16.o)
                0x00006df0                QuadDec_Cnt16_SetInterruptMode
 .text.QuadDec_Cnt16_ReadStatusRegister
                0x00006dfc        0xc .\CortexM3\ARM_GCC_493\Debug\PSoC_Grbl.a(QuadDec_Cnt16.o)
                0x00006dfc                QuadDec_Cnt16_ReadStatusRegister
 .text.QuadDec_Cnt16_WriteCounter
                0x00006e08        0xc .\CortexM3\ARM_GCC_493\Debug\PSoC_Grbl.a(QuadDec_Cnt16.o)
                0x00006e08                QuadDec_Cnt16_WriteCounter
 .text.QuadDec_Cnt16_ReadCounter
                0x00006e14       0x14 .\CortexM3\ARM_GCC_493\Debug\PSoC_Grbl.a(QuadDec_Cnt16.o)
                0x00006e14                QuadDec_Cnt16_ReadCounter
 .text.QuadDec_Cnt16_ReadCapture
                0x00006e28        0xc .\CortexM3\ARM_GCC_493\Debug\PSoC_Grbl.a(QuadDec_Cnt16.o)
                0x00006e28                QuadDec_Cnt16_ReadCapture
 .text.QuadDec_Cnt16_WritePeriod
                0x00006e34        0xc .\CortexM3\ARM_GCC_493\Debug\PSoC_Grbl.a(QuadDec_Cnt16.o)
                0x00006e34                QuadDec_Cnt16_WritePeriod
 .text.QuadDec_Cnt16_WriteCompare
                0x00006e40        0xc .\CortexM3\ARM_GCC_493\Debug\PSoC_Grbl.a(QuadDec_Cnt16.o)
                0x00006e40                QuadDec_Cnt16_WriteCompare
 .text.QuadDec_Cnt16_ClearFIFO
                0x00006e4c       0x14 .\CortexM3\ARM_GCC_493\Debug\PSoC_Grbl.a(QuadDec_Cnt16.o)
                0x00006e4c                QuadDec_Cnt16_ClearFIFO
 .text.QuadDec_Cnt16_Init
                0x00006e60       0x58 .\CortexM3\ARM_GCC_493\Debug\PSoC_Grbl.a(QuadDec_Cnt16.o)
                0x00006e60                QuadDec_Cnt16_Init
 .text.QuadDec_Cnt16_Start
                0x00006eb8       0x1c .\CortexM3\ARM_GCC_493\Debug\PSoC_Grbl.a(QuadDec_Cnt16.o)
                0x00006eb8                QuadDec_Cnt16_Start
 .text.isr_Enc_Sw_SetVector
                0x00006ed4        0xc .\CortexM3\ARM_GCC_493\Debug\PSoC_Grbl.a(isr_Enc_Sw.o)
                0x00006ed4                isr_Enc_Sw_SetVector
 .text.isr_Enc_Sw_SetPriority
                0x00006ee0       0x10 .\CortexM3\ARM_GCC_493\Debug\PSoC_Grbl.a(isr_Enc_Sw.o)
                0x00006ee0                isr_Enc_Sw_SetPriority
 .text.isr_Enc_Sw_Enable
                0x00006ef0        0xc .\CortexM3\ARM_GCC_493\Debug\PSoC_Grbl.a(isr_Enc_Sw.o)
                0x00006ef0                isr_Enc_Sw_Enable
 .text.isr_Enc_Sw_Disable
                0x00006efc        0xc .\CortexM3\ARM_GCC_493\Debug\PSoC_Grbl.a(isr_Enc_Sw.o)
                0x00006efc                isr_Enc_Sw_Disable
 .text.isr_Enc_Sw_StartEx
                0x00006f08       0x1c .\CortexM3\ARM_GCC_493\Debug\PSoC_Grbl.a(isr_Enc_Sw.o)
                0x00006f08                isr_Enc_Sw_StartEx
 .text.USBUART_Init
                0x00006f24      0x140 .\CortexM3\ARM_GCC_493\Debug\PSoC_Grbl.a(USBUART.o)
                0x00006f24                USBUART_Init
 .text.USBUART_InitComponent
                0x00007064       0xd0 .\CortexM3\ARM_GCC_493\Debug\PSoC_Grbl.a(USBUART.o)
                0x00007064                USBUART_InitComponent
 .text.USBUART_Start
                0x00007134       0x24 .\CortexM3\ARM_GCC_493\Debug\PSoC_Grbl.a(USBUART.o)
                0x00007134                USBUART_Start
 .text.USBUART_ReInitComponent
                0x00007158       0x64 .\CortexM3\ARM_GCC_493\Debug\PSoC_Grbl.a(USBUART.o)
                0x00007158                USBUART_ReInitComponent
 .text.USBUART_GetConfiguration
                0x000071bc        0xc .\CortexM3\ARM_GCC_493\Debug\PSoC_Grbl.a(USBUART.o)
                0x000071bc                USBUART_GetConfiguration
 .text.USBUART_IsConfigurationChanged
                0x000071c8       0x20 .\CortexM3\ARM_GCC_493\Debug\PSoC_Grbl.a(USBUART.o)
                0x000071c8                USBUART_IsConfigurationChanged
 .text.USBUART_GetEPCount
                0x000071e8       0x28 .\CortexM3\ARM_GCC_493\Debug\PSoC_Grbl.a(USBUART.o)
                0x000071e8                USBUART_GetEPCount
 .text.USBUART_LoadInEP
                0x00007210       0x94 .\CortexM3\ARM_GCC_493\Debug\PSoC_Grbl.a(USBUART.o)
                0x00007210                USBUART_LoadInEP
 .text.USBUART_EnableOutEP
                0x000072a4       0x2c .\CortexM3\ARM_GCC_493\Debug\PSoC_Grbl.a(USBUART.o)
                0x000072a4                USBUART_EnableOutEP
 .text.USBUART_ReadOutEP
                0x000072d0       0x50 .\CortexM3\ARM_GCC_493\Debug\PSoC_Grbl.a(USBUART.o)
                0x000072d0                USBUART_ReadOutEP
 .text.USBUART_StrLen
                0x00007320       0x14 .\CortexM3\ARM_GCC_493\Debug\PSoC_Grbl.a(USBUART_cdc.o)
 .text.USBUART_GetInterfaceComPort
                0x00007334       0x3c .\CortexM3\ARM_GCC_493\Debug\PSoC_Grbl.a(USBUART_cdc.o)
                0x00007334                USBUART_GetInterfaceComPort
 .text.USBUART_DispatchCDCClassRqst
                0x00007370       0x98 .\CortexM3\ARM_GCC_493\Debug\PSoC_Grbl.a(USBUART_cdc.o)
                0x00007370                USBUART_DispatchCDCClassRqst
 .text.USBUART_CDC_Init
                0x00007408       0x98 .\CortexM3\ARM_GCC_493\Debug\PSoC_Grbl.a(USBUART_cdc.o)
                0x00007408                USBUART_CDC_Init
 .text.USBUART_PutString
                0x000074a0       0x9c .\CortexM3\ARM_GCC_493\Debug\PSoC_Grbl.a(USBUART_cdc.o)
                0x000074a0                USBUART_PutString
 .text.USBUART_PutChar
                0x0000753c       0x28 .\CortexM3\ARM_GCC_493\Debug\PSoC_Grbl.a(USBUART_cdc.o)
                0x0000753c                USBUART_PutChar
 .text.USBUART_GetAll
                0x00007564       0x30 .\CortexM3\ARM_GCC_493\Debug\PSoC_Grbl.a(USBUART_cdc.o)
                0x00007564                USBUART_GetAll
 .text.USBUART_Cdc_EpInit
                0x00007594       0x50 .\CortexM3\ARM_GCC_493\Debug\PSoC_Grbl.a(USBUART_cdc.o)
                0x00007594                USBUART_Cdc_EpInit
 .text.USBUART_LoadEP0
                0x000075e4       0x94 .\CortexM3\ARM_GCC_493\Debug\PSoC_Grbl.a(USBUART_drv.o)
                0x000075e4                USBUART_LoadEP0
 .text.USBUART_InitZeroLengthControlTransfer
                0x00007678       0x34 .\CortexM3\ARM_GCC_493\Debug\PSoC_Grbl.a(USBUART_drv.o)
                0x00007678                USBUART_InitZeroLengthControlTransfer
 .text.USBUART_ControlReadDataStage
                0x000076ac        0x8 .\CortexM3\ARM_GCC_493\Debug\PSoC_Grbl.a(USBUART_drv.o)
                0x000076ac                USBUART_ControlReadDataStage
 .text.USBUART_ControlWriteDataStage
                0x000076b4       0x80 .\CortexM3\ARM_GCC_493\Debug\PSoC_Grbl.a(USBUART_drv.o)
                0x000076b4                USBUART_ControlWriteDataStage
 .text.USBUART_InitNoDataControlTransfer
                0x00007734       0x2c .\CortexM3\ARM_GCC_493\Debug\PSoC_Grbl.a(USBUART_drv.o)
                0x00007734                USBUART_InitNoDataControlTransfer
 .text.USBUART_UpdateStatusBlock
                0x00007760       0x24 .\CortexM3\ARM_GCC_493\Debug\PSoC_Grbl.a(USBUART_drv.o)
                0x00007760                USBUART_UpdateStatusBlock
 .text.USBUART_HandleSetup
                0x00007784       0x5c .\CortexM3\ARM_GCC_493\Debug\PSoC_Grbl.a(USBUART_drv.o)
                0x00007784                USBUART_HandleSetup
 .text.USBUART_ControlReadStatusStage
                0x000077e0       0x34 .\CortexM3\ARM_GCC_493\Debug\PSoC_Grbl.a(USBUART_drv.o)
                0x000077e0                USBUART_ControlReadStatusStage
 .text.USBUART_HandleOUT
                0x00007814       0x38 .\CortexM3\ARM_GCC_493\Debug\PSoC_Grbl.a(USBUART_drv.o)
                0x00007814                USBUART_HandleOUT
 .text.USBUART_ControlWriteStatusStage
                0x0000784c       0x20 .\CortexM3\ARM_GCC_493\Debug\PSoC_Grbl.a(USBUART_drv.o)
                0x0000784c                USBUART_ControlWriteStatusStage
 .text.USBUART_NoDataControlStatusStage
                0x0000786c       0x40 .\CortexM3\ARM_GCC_493\Debug\PSoC_Grbl.a(USBUART_drv.o)
                0x0000786c                USBUART_NoDataControlStatusStage
 .text.USBUART_HandleIN
                0x000078ac       0x2c .\CortexM3\ARM_GCC_493\Debug\PSoC_Grbl.a(USBUART_drv.o)
                0x000078ac                USBUART_HandleIN
 .text.USBUART_EP_0_ISR
                0x000078d8       0xb8 .\CortexM3\ARM_GCC_493\Debug\PSoC_Grbl.a(USBUART_drv.o)
                0x000078d8                USBUART_EP_0_ISR
 .text.USBUART_InitializeStatusBlock
                0x00007990       0x24 .\CortexM3\ARM_GCC_493\Debug\PSoC_Grbl.a(USBUART_drv.o)
                0x00007990                USBUART_InitializeStatusBlock
 .text.USBUART_InitControlRead
                0x000079b4       0x50 .\CortexM3\ARM_GCC_493\Debug\PSoC_Grbl.a(USBUART_drv.o)
                0x000079b4                USBUART_InitControlRead
 .text.USBUART_InitControlWrite
                0x00007a04       0x48 .\CortexM3\ARM_GCC_493\Debug\PSoC_Grbl.a(USBUART_drv.o)
                0x00007a04                USBUART_InitControlWrite
 .text.USBUART_EP_1_ISR
                0x00007a4c       0x30 .\CortexM3\ARM_GCC_493\Debug\PSoC_Grbl.a(USBUART_episr.o)
                0x00007a4c                USBUART_EP_1_ISR
 .text.USBUART_EP_2_ISR
                0x00007a7c       0x34 .\CortexM3\ARM_GCC_493\Debug\PSoC_Grbl.a(USBUART_episr.o)
                0x00007a7c                USBUART_EP_2_ISR
 .text.USBUART_EP_3_ISR
                0x00007ab0       0x40 .\CortexM3\ARM_GCC_493\Debug\PSoC_Grbl.a(USBUART_episr.o)
                0x00007ab0                USBUART_EP_3_ISR
 .text.USBUART_SOF_ISR
                0x00007af0        0x4 .\CortexM3\ARM_GCC_493\Debug\PSoC_Grbl.a(USBUART_episr.o)
                0x00007af0                USBUART_SOF_ISR
 .text.USBUART_BUS_RESET_ISR
                0x00007af4        0x8 .\CortexM3\ARM_GCC_493\Debug\PSoC_Grbl.a(USBUART_episr.o)
                0x00007af4                USBUART_BUS_RESET_ISR
 .text.USBUART_FindHidClassDecriptor
                0x00007afc       0x40 .\CortexM3\ARM_GCC_493\Debug\PSoC_Grbl.a(USBUART_hid.o)
                0x00007afc                USBUART_FindHidClassDecriptor
 .text.USBUART_FindReportDescriptor
                0x00007b3c       0x48 .\CortexM3\ARM_GCC_493\Debug\PSoC_Grbl.a(USBUART_hid.o)
                0x00007b3c                USBUART_FindReportDescriptor
 .text.USBUART_FindReport
                0x00007b84       0x7c .\CortexM3\ARM_GCC_493\Debug\PSoC_Grbl.a(USBUART_hid.o)
                0x00007b84                USBUART_FindReport
 .text.USBUART_DispatchHIDClassRqst
                0x00007c00      0x184 .\CortexM3\ARM_GCC_493\Debug\PSoC_Grbl.a(USBUART_hid.o)
                0x00007c00                USBUART_DispatchHIDClassRqst
 .text.USBUART_DP_ISR
                0x00007d84        0x8 .\CortexM3\ARM_GCC_493\Debug\PSoC_Grbl.a(USBUART_pm.o)
                0x00007d84                USBUART_DP_ISR
 .text.USBUART_ReadDieID
                0x00007d8c       0x6c .\CortexM3\ARM_GCC_493\Debug\PSoC_Grbl.a(USBUART_std.o)
                0x00007d8c                USBUART_ReadDieID
 .text.USBUART_ConfigReg
                0x00007df8       0xa4 .\CortexM3\ARM_GCC_493\Debug\PSoC_Grbl.a(USBUART_std.o)
                0x00007df8                USBUART_ConfigReg
 .text.USBUART_GetConfigTablePtr
                0x00007e9c       0x28 .\CortexM3\ARM_GCC_493\Debug\PSoC_Grbl.a(USBUART_std.o)
                0x00007e9c                USBUART_GetConfigTablePtr
 .text.USBUART_ConfigAltChanged
                0x00007ec4      0x11c .\CortexM3\ARM_GCC_493\Debug\PSoC_Grbl.a(USBUART_std.o)
                0x00007ec4                USBUART_ConfigAltChanged
 .text.USBUART_GetDeviceTablePtr
                0x00007fe0       0x18 .\CortexM3\ARM_GCC_493\Debug\PSoC_Grbl.a(USBUART_std.o)
                0x00007fe0                USBUART_GetDeviceTablePtr
 .text.USBUART_GetInterfaceClassTablePtr
                0x00007ff8       0x24 .\CortexM3\ARM_GCC_493\Debug\PSoC_Grbl.a(USBUART_std.o)
                0x00007ff8                USBUART_GetInterfaceClassTablePtr
 .text.USBUART_Config
                0x0000801c      0x1dc .\CortexM3\ARM_GCC_493\Debug\PSoC_Grbl.a(USBUART_std.o)
                0x0000801c                USBUART_Config
 .text.USBUART_SetEndpointHalt
                0x000081f8       0x64 .\CortexM3\ARM_GCC_493\Debug\PSoC_Grbl.a(USBUART_std.o)
                0x000081f8                USBUART_SetEndpointHalt
 .text.USBUART_ClearEndpointHalt
                0x0000825c       0xa8 .\CortexM3\ARM_GCC_493\Debug\PSoC_Grbl.a(USBUART_std.o)
                0x0000825c                USBUART_ClearEndpointHalt
 .text.USBUART_ValidateAlternateSetting
                0x00008304       0x4c .\CortexM3\ARM_GCC_493\Debug\PSoC_Grbl.a(USBUART_std.o)
                0x00008304                USBUART_ValidateAlternateSetting
 .text.USBUART_HandleStandardRqst
                0x00008350      0x35c .\CortexM3\ARM_GCC_493\Debug\PSoC_Grbl.a(USBUART_std.o)
                0x00008350                USBUART_HandleStandardRqst
 .text.USBUART_HandleVendorRqst
                0x000086ac       0x3c .\CortexM3\ARM_GCC_493\Debug\PSoC_Grbl.a(USBUART_vnd.o)
                0x000086ac                USBUART_HandleVendorRqst
 .text.USBUART_Dp_ClearInterrupt
                0x000086e8       0x10 .\CortexM3\ARM_GCC_493\Debug\PSoC_Grbl.a(USBUART_Dp.o)
                0x000086e8                USBUART_Dp_ClearInterrupt
 .text.LED_PWM_Enable
                0x000086f8       0x10 .\CortexM3\ARM_GCC_493\Debug\PSoC_Grbl.a(LED_PWM.o)
                0x000086f8                LED_PWM_Enable
 .text.LED_PWM_WriteCounter
                0x00008708        0xc .\CortexM3\ARM_GCC_493\Debug\PSoC_Grbl.a(LED_PWM.o)
                0x00008708                LED_PWM_WriteCounter
 .text.LED_PWM_WritePeriod
                0x00008714        0xc .\CortexM3\ARM_GCC_493\Debug\PSoC_Grbl.a(LED_PWM.o)
                0x00008714                LED_PWM_WritePeriod
 .text.LED_PWM_WriteCompare
                0x00008720        0xc .\CortexM3\ARM_GCC_493\Debug\PSoC_Grbl.a(LED_PWM.o)
                0x00008720                LED_PWM_WriteCompare
 .text.LED_PWM_SetInterruptMode
                0x0000872c        0xc .\CortexM3\ARM_GCC_493\Debug\PSoC_Grbl.a(LED_PWM.o)
                0x0000872c                LED_PWM_SetInterruptMode
 .text.LED_PWM_ReadStatusRegister
                0x00008738        0xc .\CortexM3\ARM_GCC_493\Debug\PSoC_Grbl.a(LED_PWM.o)
                0x00008738                LED_PWM_ReadStatusRegister
 .text.LED_PWM_ReadCapture
                0x00008744        0xc .\CortexM3\ARM_GCC_493\Debug\PSoC_Grbl.a(LED_PWM.o)
                0x00008744                LED_PWM_ReadCapture
 .text.LED_PWM_ClearFIFO
                0x00008750       0x14 .\CortexM3\ARM_GCC_493\Debug\PSoC_Grbl.a(LED_PWM.o)
                0x00008750                LED_PWM_ClearFIFO
 .text.LED_PWM_Init
                0x00008764       0x50 .\CortexM3\ARM_GCC_493\Debug\PSoC_Grbl.a(LED_PWM.o)
                0x00008764                LED_PWM_Init
 .text.LED_PWM_Start
                0x000087b4       0x1c .\CortexM3\ARM_GCC_493\Debug\PSoC_Grbl.a(LED_PWM.o)
                0x000087b4                LED_PWM_Start
 .text          0x000087d0       0x58 .\CortexM3\ARM_GCC_493\Debug\PSoC_Grbl.a(CyBootAsmGnu.o)
                0x000087d0                CyDelayCycles
                0x0000880e                CyEnterCriticalSection
                0x00008816                CyExitCriticalSection
 .text.CyFlashGetSpcAlgorithm
                0x00008828       0x4c .\CortexM3\ARM_GCC_493\Debug\PSoC_Grbl.a(CyFlash.o)
 .text.CySetTempInt
                0x00008874       0x60 .\CortexM3\ARM_GCC_493\Debug\PSoC_Grbl.a(CyFlash.o)
 .text.CySetTemp
                0x000088d4       0x14 .\CortexM3\ARM_GCC_493\Debug\PSoC_Grbl.a(CyFlash.o)
                0x000088d4                CySetTemp
 .text.CyEEPROM_Start
                0x000088e8       0x54 .\CortexM3\ARM_GCC_493\Debug\PSoC_Grbl.a(CyFlash.o)
                0x000088e8                CyEEPROM_Start
 .text.CyEEPROM_ReadReserve
                0x0000893c       0x1c .\CortexM3\ARM_GCC_493\Debug\PSoC_Grbl.a(CyFlash.o)
                0x0000893c                CyEEPROM_ReadReserve
 .text.CyEEPROM_ReadRelease
                0x00008958       0x10 .\CortexM3\ARM_GCC_493\Debug\PSoC_Grbl.a(CyFlash.o)
                0x00008958                CyEEPROM_ReadRelease
 .text.CySpcStart
                0x00008968       0x24 .\CortexM3\ARM_GCC_493\Debug\PSoC_Grbl.a(CySpc.o)
                0x00008968                CySpcStart
 .text.CySpcReadData
                0x0000898c       0x34 .\CortexM3\ARM_GCC_493\Debug\PSoC_Grbl.a(CySpc.o)
                0x0000898c                CySpcReadData
 .text.CySpcLoadMultiByte
                0x000089c0       0x78 .\CortexM3\ARM_GCC_493\Debug\PSoC_Grbl.a(CySpc.o)
                0x000089c0                CySpcLoadMultiByte
 .text.CySpcWriteRow
                0x00008a38       0x4c .\CortexM3\ARM_GCC_493\Debug\PSoC_Grbl.a(CySpc.o)
                0x00008a38                CySpcWriteRow
 .text.CySpcGetTemp
                0x00008a84       0x3c .\CortexM3\ARM_GCC_493\Debug\PSoC_Grbl.a(CySpc.o)
                0x00008a84                CySpcGetTemp
 .text.CySpcLock
                0x00008ac0       0x4c .\CortexM3\ARM_GCC_493\Debug\PSoC_Grbl.a(CySpc.o)
                0x00008ac0                CySpcLock
 .text.CySpcUnlock
                0x00008b0c       0x38 .\CortexM3\ARM_GCC_493\Debug\PSoC_Grbl.a(CySpc.o)
                0x00008b0c                CySpcUnlock
 .text.CySpcGetAlgorithm
                0x00008b44       0x28 .\CortexM3\ARM_GCC_493\Debug\PSoC_Grbl.a(CySpc.o)
                0x00008b44                CySpcGetAlgorithm
 .text.USBUART_DispatchClassRqst
                0x00008b6c       0x60 .\CortexM3\ARM_GCC_493\Debug\PSoC_Grbl.a(USBUART_cls.o)
                0x00008b6c                USBUART_DispatchClassRqst
 *fill*         0x00008bcc        0x4 
 .text.ceil     0x00008bd0      0x110 c:/program files (x86)/cypress/psoc creator/4.0/psoc creator/import/gnu/arm/4.9.3/bin/../lib/gcc/arm-none-eabi/4.9.3/../../../../arm-none-eabi/lib/armv7-m\libm.a(lib_a-s_ceil.o)
                0x00008bd0                ceil
 .text.cos      0x00008ce0       0x90 c:/program files (x86)/cypress/psoc creator/4.0/psoc creator/import/gnu/arm/4.9.3/bin/../lib/gcc/arm-none-eabi/4.9.3/../../../../arm-none-eabi/lib/armv7-m\libm.a(lib_a-s_cos.o)
                0x00008ce0                cos
 .text.floor    0x00008d70      0x118 c:/program files (x86)/cypress/psoc creator/4.0/psoc creator/import/gnu/arm/4.9.3/bin/../lib/gcc/arm-none-eabi/4.9.3/../../../../arm-none-eabi/lib/armv7-m\libm.a(lib_a-s_floor.o)
                0x00008d70                floor
 .text.lround   0x00008e88       0x90 c:/program files (x86)/cypress/psoc creator/4.0/psoc creator/import/gnu/arm/4.9.3/bin/../lib/gcc/arm-none-eabi/4.9.3/../../../../arm-none-eabi/lib/armv7-m\libm.a(lib_a-s_lround.o)
                0x00008e88                lround
 .text.round    0x00008f18       0xa0 c:/program files (x86)/cypress/psoc creator/4.0/psoc creator/import/gnu/arm/4.9.3/bin/../lib/gcc/arm-none-eabi/4.9.3/../../../../arm-none-eabi/lib/armv7-m\libm.a(lib_a-s_round.o)
                0x00008f18                round
 .text.sin      0x00008fb8       0x94 c:/program files (x86)/cypress/psoc creator/4.0/psoc creator/import/gnu/arm/4.9.3/bin/../lib/gcc/arm-none-eabi/4.9.3/../../../../arm-none-eabi/lib/armv7-m\libm.a(lib_a-s_sin.o)
                0x00008fb8                sin
 .text.trunc    0x0000904c       0x74 c:/program files (x86)/cypress/psoc creator/4.0/psoc creator/import/gnu/arm/4.9.3/bin/../lib/gcc/arm-none-eabi/4.9.3/../../../../arm-none-eabi/lib/armv7-m\libm.a(lib_a-s_trunc.o)
                0x0000904c                trunc
 .text.atan2    0x000090c0        0x4 c:/program files (x86)/cypress/psoc creator/4.0/psoc creator/import/gnu/arm/4.9.3/bin/../lib/gcc/arm-none-eabi/4.9.3/../../../../arm-none-eabi/lib/armv7-m\libm.a(lib_a-w_atan2.o)
                0x000090c0                atan2
 .text.sqrt     0x000090c4       0xac c:/program files (x86)/cypress/psoc creator/4.0/psoc creator/import/gnu/arm/4.9.3/bin/../lib/gcc/arm-none-eabi/4.9.3/../../../../arm-none-eabi/lib/armv7-m\libm.a(lib_a-w_sqrt.o)
                0x000090c4                sqrt
 .text.__ieee754_atan2
                0x00009170      0x1b8 c:/program files (x86)/cypress/psoc creator/4.0/psoc creator/import/gnu/arm/4.9.3/bin/../lib/gcc/arm-none-eabi/4.9.3/../../../../arm-none-eabi/lib/armv7-m\libm.a(lib_a-e_atan2.o)
                0x00009170                __ieee754_atan2
 .text.__ieee754_rem_pio2
                0x00009328      0x428 c:/program files (x86)/cypress/psoc creator/4.0/psoc creator/import/gnu/arm/4.9.3/bin/../lib/gcc/arm-none-eabi/4.9.3/../../../../arm-none-eabi/lib/armv7-m\libm.a(lib_a-e_rem_pio2.o)
                0x00009328                __ieee754_rem_pio2
 .text.__ieee754_sqrt
                0x00009750      0x18c c:/program files (x86)/cypress/psoc creator/4.0/psoc creator/import/gnu/arm/4.9.3/bin/../lib/gcc/arm-none-eabi/4.9.3/../../../../arm-none-eabi/lib/armv7-m\libm.a(lib_a-e_sqrt.o)
                0x00009750                __ieee754_sqrt
 *fill*         0x000098dc        0x4 
 .text.__kernel_cos
                0x000098e0      0x248 c:/program files (x86)/cypress/psoc creator/4.0/psoc creator/import/gnu/arm/4.9.3/bin/../lib/gcc/arm-none-eabi/4.9.3/../../../../arm-none-eabi/lib/armv7-m\libm.a(lib_a-k_cos.o)
                0x000098e0                __kernel_cos
 .text.__kernel_rem_pio2
                0x00009b28      0x808 c:/program files (x86)/cypress/psoc creator/4.0/psoc creator/import/gnu/arm/4.9.3/bin/../lib/gcc/arm-none-eabi/4.9.3/../../../../arm-none-eabi/lib/armv7-m\libm.a(lib_a-k_rem_pio2.o)
                0x00009b28                __kernel_rem_pio2
 .text.__kernel_sin
                0x0000a330      0x170 c:/program files (x86)/cypress/psoc creator/4.0/psoc creator/import/gnu/arm/4.9.3/bin/../lib/gcc/arm-none-eabi/4.9.3/../../../../arm-none-eabi/lib/armv7-m\libm.a(lib_a-k_sin.o)
                0x0000a330                __kernel_sin
 .text.atan     0x0000a4a0      0x338 c:/program files (x86)/cypress/psoc creator/4.0/psoc creator/import/gnu/arm/4.9.3/bin/../lib/gcc/arm-none-eabi/4.9.3/../../../../arm-none-eabi/lib/armv7-m\libm.a(lib_a-s_atan.o)
                0x0000a4a0                atan
 .text.fabs     0x0000a7d8        0x8 c:/program files (x86)/cypress/psoc creator/4.0/psoc creator/import/gnu/arm/4.9.3/bin/../lib/gcc/arm-none-eabi/4.9.3/../../../../arm-none-eabi/lib/armv7-m\libm.a(lib_a-s_fabs.o)
                0x0000a7d8                fabs
 .text.__fpclassifyd
                0x0000a7e0       0x58 c:/program files (x86)/cypress/psoc creator/4.0/psoc creator/import/gnu/arm/4.9.3/bin/../lib/gcc/arm-none-eabi/4.9.3/../../../../arm-none-eabi/lib/armv7-m\libm.a(lib_a-s_fpclassify.o)
                0x0000a7e0                __fpclassifyd
 .text.matherr  0x0000a838        0x4 c:/program files (x86)/cypress/psoc creator/4.0/psoc creator/import/gnu/arm/4.9.3/bin/../lib/gcc/arm-none-eabi/4.9.3/../../../../arm-none-eabi/lib/armv7-m\libm.a(lib_a-s_matherr.o)
                0x0000a838                matherr
 *fill*         0x0000a83c        0x4 
 .text.scalbn   0x0000a840       0xf0 c:/program files (x86)/cypress/psoc creator/4.0/psoc creator/import/gnu/arm/4.9.3/bin/../lib/gcc/arm-none-eabi/4.9.3/../../../../arm-none-eabi/lib/armv7-m\libm.a(lib_a-s_scalbn.o)
                0x0000a840                scalbn
 .text.copysign
                0x0000a930       0x10 c:/program files (x86)/cypress/psoc creator/4.0/psoc creator/import/gnu/arm/4.9.3/bin/../lib/gcc/arm-none-eabi/4.9.3/../../../../arm-none-eabi/lib/armv7-m\libm.a(lib_a-s_copysign.o)
                0x0000a930                copysign
 .text          0x0000a940      0x370 c:/program files (x86)/cypress/psoc creator/4.0/psoc creator/import/gnu/arm/4.9.3/bin/../lib/gcc/arm-none-eabi/4.9.3/armv7-m\libgcc.a(_arm_addsubdf3.o)
                0x0000a940                __aeabi_drsub
                0x0000a948                __aeabi_dsub
                0x0000a948                __subdf3
                0x0000a94c                __aeabi_dadd
                0x0000a94c                __adddf3
                0x0000abc4                __floatunsidf
                0x0000abc4                __aeabi_ui2d
                0x0000abe4                __floatsidf
                0x0000abe4                __aeabi_i2d
                0x0000ac08                __aeabi_f2d
                0x0000ac08                __extendsfdf2
                0x0000ac44                __floatundidf
                0x0000ac44                __aeabi_ul2d
                0x0000ac54                __floatdidf
                0x0000ac54                __aeabi_l2d
 .text          0x0000acb0      0x424 c:/program files (x86)/cypress/psoc creator/4.0/psoc creator/import/gnu/arm/4.9.3/bin/../lib/gcc/arm-none-eabi/4.9.3/armv7-m\libgcc.a(_arm_muldivdf3.o)
                0x0000acb0                __aeabi_dmul
                0x0000acb0                __muldf3
                0x0000af04                __divdf3
                0x0000af04                __aeabi_ddiv
 .text          0x0000b0d4      0x110 c:/program files (x86)/cypress/psoc creator/4.0/psoc creator/import/gnu/arm/4.9.3/bin/../lib/gcc/arm-none-eabi/4.9.3/armv7-m\libgcc.a(_arm_cmpdf2.o)
                0x0000b0d4                __gtdf2
                0x0000b0d4                __gedf2
                0x0000b0dc                __ltdf2
                0x0000b0dc                __ledf2
                0x0000b0e4                __nedf2
                0x0000b0e4                __eqdf2
                0x0000b0e4                __cmpdf2
                0x0000b160                __aeabi_cdrcmple
                0x0000b170                __aeabi_cdcmpeq
                0x0000b170                __aeabi_cdcmple
                0x0000b180                __aeabi_dcmpeq
                0x0000b194                __aeabi_dcmplt
                0x0000b1a8                __aeabi_dcmple
                0x0000b1bc                __aeabi_dcmpge
                0x0000b1d0                __aeabi_dcmpgt
 .text          0x0000b1e4       0x50 c:/program files (x86)/cypress/psoc creator/4.0/psoc creator/import/gnu/arm/4.9.3/bin/../lib/gcc/arm-none-eabi/4.9.3/armv7-m\libgcc.a(_arm_fixdfsi.o)
                0x0000b1e4                __aeabi_d2iz
                0x0000b1e4                __fixdfsi
 .text          0x0000b234       0x40 c:/program files (x86)/cypress/psoc creator/4.0/psoc creator/import/gnu/arm/4.9.3/bin/../lib/gcc/arm-none-eabi/4.9.3/armv7-m\libgcc.a(_arm_fixunsdfsi.o)
                0x0000b234                __aeabi_d2uiz
                0x0000b234                __fixunsdfsi
 .text          0x0000b274       0xa0 c:/program files (x86)/cypress/psoc creator/4.0/psoc creator/import/gnu/arm/4.9.3/bin/../lib/gcc/arm-none-eabi/4.9.3/armv7-m\libgcc.a(_arm_truncdfsf2.o)
                0x0000b274                __truncdfsf2
                0x0000b274                __aeabi_d2f
 .text          0x0000b314      0x21c c:/program files (x86)/cypress/psoc creator/4.0/psoc creator/import/gnu/arm/4.9.3/bin/../lib/gcc/arm-none-eabi/4.9.3/armv7-m\libgcc.a(_arm_addsubsf3.o)
                0x0000b314                __aeabi_frsub
                0x0000b31c                __subsf3
                0x0000b31c                __aeabi_fsub
                0x0000b320                __aeabi_fadd
                0x0000b320                __addsf3
                0x0000b480                __aeabi_ui2f
                0x0000b480                __floatunsisf
                0x0000b488                __aeabi_i2f
                0x0000b488                __floatsisf
                0x0000b4a4                __aeabi_ul2f
                0x0000b4a4                __floatundisf
                0x0000b4b4                __aeabi_l2f
                0x0000b4b4                __floatdisf
 .text          0x0000b530      0x2a0 c:/program files (x86)/cypress/psoc creator/4.0/psoc creator/import/gnu/arm/4.9.3/bin/../lib/gcc/arm-none-eabi/4.9.3/armv7-m\libgcc.a(_arm_muldivsf3.o)
                0x0000b530                __mulsf3
                0x0000b530                __aeabi_fmul
                0x0000b698                __aeabi_fdiv
                0x0000b698                __divsf3
 .text          0x0000b7d0       0xec c:/program files (x86)/cypress/psoc creator/4.0/psoc creator/import/gnu/arm/4.9.3/bin/../lib/gcc/arm-none-eabi/4.9.3/armv7-m\libgcc.a(_arm_cmpsf2.o)
                0x0000b7d0                __gesf2
                0x0000b7d0                __gtsf2
                0x0000b7d8                __lesf2
                0x0000b7d8                __ltsf2
                0x0000b7e0                __nesf2
                0x0000b7e0                __eqsf2
                0x0000b7e0                __cmpsf2
                0x0000b840                __aeabi_cfrcmple
                0x0000b848                __aeabi_cfcmpeq
                0x0000b848                __aeabi_cfcmple
                0x0000b858                __aeabi_fcmpeq
                0x0000b86c                __aeabi_fcmplt
                0x0000b880                __aeabi_fcmple
                0x0000b894                __aeabi_fcmpge
                0x0000b8a8                __aeabi_fcmpgt
 .text          0x0000b8bc       0x4c c:/program files (x86)/cypress/psoc creator/4.0/psoc creator/import/gnu/arm/4.9.3/bin/../lib/gcc/arm-none-eabi/4.9.3/armv7-m\libgcc.a(_arm_fixsfsi.o)
                0x0000b8bc                __aeabi_f2iz
                0x0000b8bc                __fixsfsi
 .text          0x0000b908       0x40 c:/program files (x86)/cypress/psoc creator/4.0/psoc creator/import/gnu/arm/4.9.3/bin/../lib/gcc/arm-none-eabi/4.9.3/armv7-m\libgcc.a(_arm_fixunssfsi.o)
                0x0000b908                __fixunssfsi
                0x0000b908                __aeabi_f2uiz
 .text.__errno  0x0000b948        0xc c:/program files (x86)/cypress/psoc creator/4.0/psoc creator/import/gnu/arm/4.9.3/bin/../lib/gcc/arm-none-eabi/4.9.3/../../../../arm-none-eabi/lib/armv7-m\libg_nano.a(lib_a-errno.o)
                0x0000b948                __errno
 .text.__libc_init_array
                0x0000b954       0x4c c:/program files (x86)/cypress/psoc creator/4.0/psoc creator/import/gnu/arm/4.9.3/bin/../lib/gcc/arm-none-eabi/4.9.3/../../../../arm-none-eabi/lib/armv7-m\libg_nano.a(lib_a-init.o)
                0x0000b954                __libc_init_array
 .text.memcmp   0x0000b9a0       0x20 c:/program files (x86)/cypress/psoc creator/4.0/psoc creator/import/gnu/arm/4.9.3/bin/../lib/gcc/arm-none-eabi/4.9.3/../../../../arm-none-eabi/lib/armv7-m\libg_nano.a(lib_a-memcmp.o)
                0x0000b9a0                memcmp
 .text.memcpy   0x0000b9c0       0x16 c:/program files (x86)/cypress/psoc creator/4.0/psoc creator/import/gnu/arm/4.9.3/bin/../lib/gcc/arm-none-eabi/4.9.3/../../../../arm-none-eabi/lib/armv7-m\libg_nano.a(lib_a-memcpy.o)
                0x0000b9c0                memcpy
 .text.memset   0x0000b9d6       0x10 c:/program files (x86)/cypress/psoc creator/4.0/psoc creator/import/gnu/arm/4.9.3/bin/../lib/gcc/arm-none-eabi/4.9.3/../../../../arm-none-eabi/lib/armv7-m\libg_nano.a(lib_a-memset.o)
                0x0000b9d6                memset
 .text.__cvt    0x0000b9e6       0xbc c:/program files (x86)/cypress/psoc creator/4.0/psoc creator/import/gnu/arm/4.9.3/bin/../lib/gcc/arm-none-eabi/4.9.3/../../../../arm-none-eabi/lib/armv7-m\libg_nano.a(lib_a-nano-vfprintf_float.o)
                0x0000b9e6                __cvt
 .text.__exponent
                0x0000baa2       0x62 c:/program files (x86)/cypress/psoc creator/4.0/psoc creator/import/gnu/arm/4.9.3/bin/../lib/gcc/arm-none-eabi/4.9.3/../../../../arm-none-eabi/lib/armv7-m\libg_nano.a(lib_a-nano-vfprintf_float.o)
                0x0000baa2                __exponent
 .text._printf_float
                0x0000bb04      0x48c c:/program files (x86)/cypress/psoc creator/4.0/psoc creator/import/gnu/arm/4.9.3/bin/../lib/gcc/arm-none-eabi/4.9.3/../../../../arm-none-eabi/lib/armv7-m\libg_nano.a(lib_a-nano-vfprintf_float.o)
                0x0000bb04                _printf_float
 .text._printf_common
                0x0000bf90       0xea c:/program files (x86)/cypress/psoc creator/4.0/psoc creator/import/gnu/arm/4.9.3/bin/../lib/gcc/arm-none-eabi/4.9.3/../../../../arm-none-eabi/lib/armv7-m\libg_nano.a(lib_a-nano-vfprintf_i.o)
                0x0000bf90                _printf_common
 *fill*         0x0000c07a        0x2 
 .text._printf_i
                0x0000c07c      0x240 c:/program files (x86)/cypress/psoc creator/4.0/psoc creator/import/gnu/arm/4.9.3/bin/../lib/gcc/arm-none-eabi/4.9.3/../../../../arm-none-eabi/lib/armv7-m\libg_nano.a(lib_a-nano-vfprintf_i.o)
                0x0000c07c                _printf_i
 .text.sprintf  0x0000c2bc       0x48 c:/program files (x86)/cypress/psoc creator/4.0/psoc creator/import/gnu/arm/4.9.3/bin/../lib/gcc/arm-none-eabi/4.9.3/../../../../arm-none-eabi/lib/armv7-m\libg_nano.a(lib_a-sprintf.o)
                0x0000c2bc                siprintf
                0x0000c2bc                sprintf
 .text.strcat   0x0000c304       0x1e c:/program files (x86)/cypress/psoc creator/4.0/psoc creator/import/gnu/arm/4.9.3/bin/../lib/gcc/arm-none-eabi/4.9.3/../../../../arm-none-eabi/lib/armv7-m\libg_nano.a(lib_a-strcat.o)
                0x0000c304                strcat
 .text.strlen   0x0000c322       0x10 c:/program files (x86)/cypress/psoc creator/4.0/psoc creator/import/gnu/arm/4.9.3/bin/../lib/gcc/arm-none-eabi/4.9.3/../../../../arm-none-eabi/lib/armv7-m\libg_nano.a(lib_a-strlen.o)
                0x0000c322                strlen
 .text.quorem   0x0000c332      0x114 c:/program files (x86)/cypress/psoc creator/4.0/psoc creator/import/gnu/arm/4.9.3/bin/../lib/gcc/arm-none-eabi/4.9.3/../../../../arm-none-eabi/lib/armv7-m\libg_nano.a(lib_a-dtoa.o)
 *fill*         0x0000c446        0x2 
 .text._dtoa_r  0x0000c448      0xb78 c:/program files (x86)/cypress/psoc creator/4.0/psoc creator/import/gnu/arm/4.9.3/bin/../lib/gcc/arm-none-eabi/4.9.3/../../../../arm-none-eabi/lib/armv7-m\libg_nano.a(lib_a-dtoa.o)
                0x0000c448                _dtoa_r
 .text._localeconv_r
                0x0000cfc0        0x8 c:/program files (x86)/cypress/psoc creator/4.0/psoc creator/import/gnu/arm/4.9.3/bin/../lib/gcc/arm-none-eabi/4.9.3/../../../../arm-none-eabi/lib/armv7-m\libg_nano.a(lib_a-locale.o)
                0x0000cfc0                _localeconv_r
 .text.malloc   0x0000cfc8       0x10 c:/program files (x86)/cypress/psoc creator/4.0/psoc creator/import/gnu/arm/4.9.3/bin/../lib/gcc/arm-none-eabi/4.9.3/../../../../arm-none-eabi/lib/armv7-m\libg_nano.a(lib_a-malloc.o)
                0x0000cfc8                malloc
 .text.memchr   0x0000cfd8       0x1c c:/program files (x86)/cypress/psoc creator/4.0/psoc creator/import/gnu/arm/4.9.3/bin/../lib/gcc/arm-none-eabi/4.9.3/../../../../arm-none-eabi/lib/armv7-m\libg_nano.a(lib_a-memchr.o)
                0x0000cfd8                memchr
 .text._Balloc  0x0000cff4       0x6a c:/program files (x86)/cypress/psoc creator/4.0/psoc creator/import/gnu/arm/4.9.3/bin/../lib/gcc/arm-none-eabi/4.9.3/../../../../arm-none-eabi/lib/armv7-m\libg_nano.a(lib_a-mprec.o)
                0x0000cff4                _Balloc
 .text._Bfree   0x0000d05e       0x2e c:/program files (x86)/cypress/psoc creator/4.0/psoc creator/import/gnu/arm/4.9.3/bin/../lib/gcc/arm-none-eabi/4.9.3/../../../../arm-none-eabi/lib/armv7-m\libg_nano.a(lib_a-mprec.o)
                0x0000d05e                _Bfree
 .text.__multadd
                0x0000d08c       0x7c c:/program files (x86)/cypress/psoc creator/4.0/psoc creator/import/gnu/arm/4.9.3/bin/../lib/gcc/arm-none-eabi/4.9.3/../../../../arm-none-eabi/lib/armv7-m\libg_nano.a(lib_a-mprec.o)
                0x0000d08c                __multadd
 .text.__hi0bits
                0x0000d108       0x40 c:/program files (x86)/cypress/psoc creator/4.0/psoc creator/import/gnu/arm/4.9.3/bin/../lib/gcc/arm-none-eabi/4.9.3/../../../../arm-none-eabi/lib/armv7-m\libg_nano.a(lib_a-mprec.o)
                0x0000d108                __hi0bits
 .text.__lo0bits
                0x0000d148       0x5a c:/program files (x86)/cypress/psoc creator/4.0/psoc creator/import/gnu/arm/4.9.3/bin/../lib/gcc/arm-none-eabi/4.9.3/../../../../arm-none-eabi/lib/armv7-m\libg_nano.a(lib_a-mprec.o)
                0x0000d148                __lo0bits
 .text.__i2b    0x0000d1a2       0x12 c:/program files (x86)/cypress/psoc creator/4.0/psoc creator/import/gnu/arm/4.9.3/bin/../lib/gcc/arm-none-eabi/4.9.3/../../../../arm-none-eabi/lib/armv7-m\libg_nano.a(lib_a-mprec.o)
                0x0000d1a2                __i2b
 .text.__multiply
                0x0000d1b4      0x120 c:/program files (x86)/cypress/psoc creator/4.0/psoc creator/import/gnu/arm/4.9.3/bin/../lib/gcc/arm-none-eabi/4.9.3/../../../../arm-none-eabi/lib/armv7-m\libg_nano.a(lib_a-mprec.o)
                0x0000d1b4                __multiply
 .text.__pow5mult
                0x0000d2d4       0x9c c:/program files (x86)/cypress/psoc creator/4.0/psoc creator/import/gnu/arm/4.9.3/bin/../lib/gcc/arm-none-eabi/4.9.3/../../../../arm-none-eabi/lib/armv7-m\libg_nano.a(lib_a-mprec.o)
                0x0000d2d4                __pow5mult
 .text.__lshift
                0x0000d370       0xa6 c:/program files (x86)/cypress/psoc creator/4.0/psoc creator/import/gnu/arm/4.9.3/bin/../lib/gcc/arm-none-eabi/4.9.3/../../../../arm-none-eabi/lib/armv7-m\libg_nano.a(lib_a-mprec.o)
                0x0000d370                __lshift
 .text.__mcmp   0x0000d416       0x38 c:/program files (x86)/cypress/psoc creator/4.0/psoc creator/import/gnu/arm/4.9.3/bin/../lib/gcc/arm-none-eabi/4.9.3/../../../../arm-none-eabi/lib/armv7-m\libg_nano.a(lib_a-mprec.o)
                0x0000d416                __mcmp
 .text.__mdiff  0x0000d44e       0xbe c:/program files (x86)/cypress/psoc creator/4.0/psoc creator/import/gnu/arm/4.9.3/bin/../lib/gcc/arm-none-eabi/4.9.3/../../../../arm-none-eabi/lib/armv7-m\libg_nano.a(lib_a-mprec.o)
                0x0000d44e                __mdiff
 .text.__d2b    0x0000d50c       0xa4 c:/program files (x86)/cypress/psoc creator/4.0/psoc creator/import/gnu/arm/4.9.3/bin/../lib/gcc/arm-none-eabi/4.9.3/../../../../arm-none-eabi/lib/armv7-m\libg_nano.a(lib_a-mprec.o)
                0x0000d50c                __d2b
 .text._calloc_r
                0x0000d5b0       0x1c c:/program files (x86)/cypress/psoc creator/4.0/psoc creator/import/gnu/arm/4.9.3/bin/../lib/gcc/arm-none-eabi/4.9.3/../../../../arm-none-eabi/lib/armv7-m\libg_nano.a(lib_a-nano-callocr.o)
                0x0000d5b0                _calloc_r
 .text._free_r  0x0000d5cc       0x88 c:/program files (x86)/cypress/psoc creator/4.0/psoc creator/import/gnu/arm/4.9.3/bin/../lib/gcc/arm-none-eabi/4.9.3/../../../../arm-none-eabi/lib/armv7-m\libg_nano.a(lib_a-nano-freer.o)
                0x0000d5cc                _free_r
 .text._malloc_r
                0x0000d654       0xac c:/program files (x86)/cypress/psoc creator/4.0/psoc creator/import/gnu/arm/4.9.3/bin/../lib/gcc/arm-none-eabi/4.9.3/../../../../arm-none-eabi/lib/armv7-m\libg_nano.a(lib_a-nano-mallocr.o)
                0x0000d654                _malloc_r
 .text.__ssputs_r
                0x0000d700       0xb2 c:/program files (x86)/cypress/psoc creator/4.0/psoc creator/import/gnu/arm/4.9.3/bin/../lib/gcc/arm-none-eabi/4.9.3/../../../../arm-none-eabi/lib/armv7-m\libg_nano.a(lib_a-nano-svfprintf.o)
                0x0000d700                __ssputs_r
 *fill*         0x0000d7b2        0x2 
 .text._svfprintf_r
                0x0000d7b4      0x1e4 c:/program files (x86)/cypress/psoc creator/4.0/psoc creator/import/gnu/arm/4.9.3/bin/../lib/gcc/arm-none-eabi/4.9.3/../../../../arm-none-eabi/lib/armv7-m\libg_nano.a(lib_a-nano-svfprintf.o)
                0x0000d7b4                _svfiprintf_r
                0x0000d7b4                _svfprintf_r
 .text._sbrk_r  0x0000d998       0x20 c:/program files (x86)/cypress/psoc creator/4.0/psoc creator/import/gnu/arm/4.9.3/bin/../lib/gcc/arm-none-eabi/4.9.3/../../../../arm-none-eabi/lib/armv7-m\libg_nano.a(lib_a-sbrkr.o)
                0x0000d998                _sbrk_r
 .text.memmove  0x0000d9b8       0x36 c:/program files (x86)/cypress/psoc creator/4.0/psoc creator/import/gnu/arm/4.9.3/bin/../lib/gcc/arm-none-eabi/4.9.3/../../../../arm-none-eabi/lib/armv7-m\libg_nano.a(lib_a-memmove.o)
                0x0000d9b8                memmove
 .text._realloc_r
                0x0000d9ee       0x4c c:/program files (x86)/cypress/psoc creator/4.0/psoc creator/import/gnu/arm/4.9.3/bin/../lib/gcc/arm-none-eabi/4.9.3/../../../../arm-none-eabi/lib/armv7-m\libg_nano.a(lib_a-nano-reallocr.o)
                0x0000d9ee                _realloc_r
 .text._malloc_usable_size_r
                0x0000da3a       0x14 c:/program files (x86)/cypress/psoc creator/4.0/psoc creator/import/gnu/arm/4.9.3/bin/../lib/gcc/arm-none-eabi/4.9.3/../../../../arm-none-eabi/lib/armv7-m\libg_nano.a(lib_a-nano-msizer.o)
                0x0000da3a                _malloc_usable_size_r
 *(.plt)
 *(.gnu.warning)
 *(.glue_7t)
 .glue_7t       0x00000000        0x0 linker stubs
 *(.glue_7)
 .glue_7        0x00000000        0x0 linker stubs
 *(.vfp11_veneer)
 .vfp11_veneer  0x00000000        0x0 linker stubs
 *(.bootloader)
 *(.ARM.extab* .gnu.linkonce.armextab.*)
 *(.gcc_except_table)

.v4_bx          0x0000da50        0x0
 .v4_bx         0x00000000        0x0 linker stubs

.iplt           0x0000da50        0x0
 .iplt          0x00000000        0x0 c:/program files (x86)/cypress/psoc creator/4.0/psoc creator/import/gnu/arm/4.9.3/bin/../lib/gcc/arm-none-eabi/4.9.3/armv7-m/crtbegin.o

.eh_frame_hdr
 *(.eh_frame_hdr)

.eh_frame       0x0000da50        0x4
 *(.eh_frame)
 .eh_frame      0x0000da50        0x0 c:/program files (x86)/cypress/psoc creator/4.0/psoc creator/import/gnu/arm/4.9.3/bin/../lib/gcc/arm-none-eabi/4.9.3/armv7-m/crtbegin.o
 .eh_frame      0x0000da50        0x0 c:/program files (x86)/cypress/psoc creator/4.0/psoc creator/import/gnu/arm/4.9.3/bin/../lib/gcc/arm-none-eabi/4.9.3/../../../../arm-none-eabi/lib/armv7-m\libg_nano.a(lib_a-strcmp.o)
                                 0x28 (size before relaxing)
 .eh_frame      0x0000da50        0x4 c:/program files (x86)/cypress/psoc creator/4.0/psoc creator/import/gnu/arm/4.9.3/bin/../lib/gcc/arm-none-eabi/4.9.3/armv7-m/crtend.o
                0x0000da54                PROVIDE (__exidx_start, .)

.ARM.exidx
 *(.ARM.exidx* .gnu.linkonce.armexidx.*)
                0x0000da54                __exidx_end = .

.rodata         0x0000da58     0x10b8
 *(.rodata .rodata.* .gnu.linkonce.r.*)
 .rodata.str1.4
                0x0000da58      0x17f .\CortexM3\ARM_GCC_493\Debug\lcd_report.o
                                0x180 (size before relaxing)
 *fill*         0x0000dbd7        0x1 
 .rodata.str1.4
                0x0000dbd8      0x260 .\CortexM3\ARM_GCC_493\Debug\report.o
 .rodata        0x0000de38      0x6f4 .\CortexM3\ARM_GCC_493\Debug\PSoC_Grbl.a(cyfitter_cfg.o)
 .rodata        0x0000e52c       0x40 .\CortexM3\ARM_GCC_493\Debug\PSoC_Grbl.a(LCD_CustChars.o)
                0x0000e52c                LCD_customFonts
 .rodata.str1.4
                0x0000e56c       0x11 .\CortexM3\ARM_GCC_493\Debug\PSoC_Grbl.a(USBUART_std.o)
                                 0x14 (size before relaxing)
 *fill*         0x0000e57d        0x3 
 .rodata        0x0000e580      0x1d4 .\CortexM3\ARM_GCC_493\Debug\PSoC_Grbl.a(USBUART_descr.o)
                0x0000e580                USBUART_MSOS_CONFIGURATION_DESCR
                0x0000e5a8                USBUART_MSOS_DESCRIPTOR
                0x0000e5bc                USBUART_TABLE
                0x0000e5c4                USBUART_DEVICE0_TABLE
                0x0000e5dc                USBUART_DEVICE0_CONFIGURATION0_TABLE
                0x0000e604                USBUART_DEVICE0_CONFIGURATION0_INTERFACE_CLASS
                0x0000e608                USBUART_DEVICE0_CONFIGURATION0_EP_SETTINGS_TABLE
                0x0000e620                USBUART_HIDREPORT_DESCRIPTOR1
                0x0000e658                USBUART_SN_STRING_DESCRIPTOR
                0x0000e65c                USBUART_STRING_DESCRIPTORS
                0x0000e6fc                USBUART_DEVICE0_CONFIGURATION0_DESCR
                0x0000e740                USBUART_DEVICE0_DESCR
 .rodata.str1.4
                0x0000e754        0x8 c:/program files (x86)/cypress/psoc creator/4.0/psoc creator/import/gnu/arm/4.9.3/bin/../lib/gcc/arm-none-eabi/4.9.3/../../../../arm-none-eabi/lib/armv7-m\libm.a(lib_a-w_sqrt.o)
 .rodata.npio2_hw
                0x0000e75c       0x80 c:/program files (x86)/cypress/psoc creator/4.0/psoc creator/import/gnu/arm/4.9.3/bin/../lib/gcc/arm-none-eabi/4.9.3/../../../../arm-none-eabi/lib/armv7-m\libm.a(lib_a-e_rem_pio2.o)
 .rodata.two_over_pi
                0x0000e7dc      0x108 c:/program files (x86)/cypress/psoc creator/4.0/psoc creator/import/gnu/arm/4.9.3/bin/../lib/gcc/arm-none-eabi/4.9.3/../../../../arm-none-eabi/lib/armv7-m\libm.a(lib_a-e_rem_pio2.o)
 .rodata.init_jk
                0x0000e8e4       0x10 c:/program files (x86)/cypress/psoc creator/4.0/psoc creator/import/gnu/arm/4.9.3/bin/../lib/gcc/arm-none-eabi/4.9.3/../../../../arm-none-eabi/lib/armv7-m\libm.a(lib_a-k_rem_pio2.o)
 *fill*         0x0000e8f4        0x4 
 .rodata.PIo2   0x0000e8f8       0x40 c:/program files (x86)/cypress/psoc creator/4.0/psoc creator/import/gnu/arm/4.9.3/bin/../lib/gcc/arm-none-eabi/4.9.3/../../../../arm-none-eabi/lib/armv7-m\libm.a(lib_a-k_rem_pio2.o)
 .rodata.atanlo
                0x0000e938       0x20 c:/program files (x86)/cypress/psoc creator/4.0/psoc creator/import/gnu/arm/4.9.3/bin/../lib/gcc/arm-none-eabi/4.9.3/../../../../arm-none-eabi/lib/armv7-m\libm.a(lib_a-s_atan.o)
 .rodata.atanhi
                0x0000e958       0x20 c:/program files (x86)/cypress/psoc creator/4.0/psoc creator/import/gnu/arm/4.9.3/bin/../lib/gcc/arm-none-eabi/4.9.3/../../../../arm-none-eabi/lib/armv7-m\libm.a(lib_a-s_atan.o)
 .rodata.str1.1
                0x0000e978        0x2 c:/program files (x86)/cypress/psoc creator/4.0/psoc creator/import/gnu/arm/4.9.3/bin/../lib/gcc/arm-none-eabi/4.9.3/../../../../arm-none-eabi/lib/armv7-m\libg_nano.a(lib_a-impure.o)
 .rodata.str1.1
                0x0000e97a       0x12 c:/program files (x86)/cypress/psoc creator/4.0/psoc creator/import/gnu/arm/4.9.3/bin/../lib/gcc/arm-none-eabi/4.9.3/../../../../arm-none-eabi/lib/armv7-m\libg_nano.a(lib_a-nano-vfprintf_float.o)
 .rodata.str1.1
                0x0000e98c       0x22 c:/program files (x86)/cypress/psoc creator/4.0/psoc creator/import/gnu/arm/4.9.3/bin/../lib/gcc/arm-none-eabi/4.9.3/../../../../arm-none-eabi/lib/armv7-m\libg_nano.a(lib_a-nano-vfprintf_i.o)
 .rodata.str1.1
                0x0000e9ae        0xd c:/program files (x86)/cypress/psoc creator/4.0/psoc creator/import/gnu/arm/4.9.3/bin/../lib/gcc/arm-none-eabi/4.9.3/../../../../arm-none-eabi/lib/armv7-m\libg_nano.a(lib_a-dtoa.o)
                                  0xf (size before relaxing)
 .rodata.str1.1
                0x0000e9bb        0x8 c:/program files (x86)/cypress/psoc creator/4.0/psoc creator/import/gnu/arm/4.9.3/bin/../lib/gcc/arm-none-eabi/4.9.3/../../../../arm-none-eabi/lib/armv7-m\libg_nano.a(lib_a-locale.o)
                                  0xb (size before relaxing)
 *fill*         0x0000e9c3        0x5 
 .rodata.__mprec_tens
                0x0000e9c8       0xc8 c:/program files (x86)/cypress/psoc creator/4.0/psoc creator/import/gnu/arm/4.9.3/bin/../lib/gcc/arm-none-eabi/4.9.3/../../../../arm-none-eabi/lib/armv7-m\libg_nano.a(lib_a-mprec.o)
                0x0000e9c8                __mprec_tens
 .rodata.__mprec_bigtens